Archive member included to satisfy reference by file (symbol)

c:/st/stm32cubeide_1.5.0/stm32cubeide/plugins/com.st.stm32cube.ide.mcu.externaltools.gnu-tools-for-stm32.7-2018-q2-update.win32_1.5.0.202011040924/tools/bin/../lib/gcc/arm-none-eabi/7.3.1/../../../../arm-none-eabi/lib/thumb/v7-m\libc_nano.a(lib_a-errno.o)
                              Core/Src/syscalls.o (__errno)
c:/st/stm32cubeide_1.5.0/stm32cubeide/plugins/com.st.stm32cube.ide.mcu.externaltools.gnu-tools-for-stm32.7-2018-q2-update.win32_1.5.0.202011040924/tools/bin/../lib/gcc/arm-none-eabi/7.3.1/../../../../arm-none-eabi/lib/thumb/v7-m\libc_nano.a(lib_a-exit.o)
                              c:/st/stm32cubeide_1.5.0/stm32cubeide/plugins/com.st.stm32cube.ide.mcu.externaltools.gnu-tools-for-stm32.7-2018-q2-update.win32_1.5.0.202011040924/tools/bin/../lib/gcc/arm-none-eabi/7.3.1/../../../../arm-none-eabi/lib/thumb/v7-m/crt0.o (exit)
c:/st/stm32cubeide_1.5.0/stm32cubeide/plugins/com.st.stm32cube.ide.mcu.externaltools.gnu-tools-for-stm32.7-2018-q2-update.win32_1.5.0.202011040924/tools/bin/../lib/gcc/arm-none-eabi/7.3.1/../../../../arm-none-eabi/lib/thumb/v7-m\libc_nano.a(lib_a-fflush.o)
                              Core/Src/main.o (fflush)
c:/st/stm32cubeide_1.5.0/stm32cubeide/plugins/com.st.stm32cube.ide.mcu.externaltools.gnu-tools-for-stm32.7-2018-q2-update.win32_1.5.0.202011040924/tools/bin/../lib/gcc/arm-none-eabi/7.3.1/../../../../arm-none-eabi/lib/thumb/v7-m\libc_nano.a(lib_a-findfp.o)
                              c:/st/stm32cubeide_1.5.0/stm32cubeide/plugins/com.st.stm32cube.ide.mcu.externaltools.gnu-tools-for-stm32.7-2018-q2-update.win32_1.5.0.202011040924/tools/bin/../lib/gcc/arm-none-eabi/7.3.1/../../../../arm-none-eabi/lib/thumb/v7-m\libc_nano.a(lib_a-fflush.o) (__sinit)
c:/st/stm32cubeide_1.5.0/stm32cubeide/plugins/com.st.stm32cube.ide.mcu.externaltools.gnu-tools-for-stm32.7-2018-q2-update.win32_1.5.0.202011040924/tools/bin/../lib/gcc/arm-none-eabi/7.3.1/../../../../arm-none-eabi/lib/thumb/v7-m\libc_nano.a(lib_a-fwalk.o)
                              c:/st/stm32cubeide_1.5.0/stm32cubeide/plugins/com.st.stm32cube.ide.mcu.externaltools.gnu-tools-for-stm32.7-2018-q2-update.win32_1.5.0.202011040924/tools/bin/../lib/gcc/arm-none-eabi/7.3.1/../../../../arm-none-eabi/lib/thumb/v7-m\libc_nano.a(lib_a-findfp.o) (_fwalk)
c:/st/stm32cubeide_1.5.0/stm32cubeide/plugins/com.st.stm32cube.ide.mcu.externaltools.gnu-tools-for-stm32.7-2018-q2-update.win32_1.5.0.202011040924/tools/bin/../lib/gcc/arm-none-eabi/7.3.1/../../../../arm-none-eabi/lib/thumb/v7-m\libc_nano.a(lib_a-impure.o)
                              c:/st/stm32cubeide_1.5.0/stm32cubeide/plugins/com.st.stm32cube.ide.mcu.externaltools.gnu-tools-for-stm32.7-2018-q2-update.win32_1.5.0.202011040924/tools/bin/../lib/gcc/arm-none-eabi/7.3.1/../../../../arm-none-eabi/lib/thumb/v7-m\libc_nano.a(lib_a-exit.o) (_global_impure_ptr)
c:/st/stm32cubeide_1.5.0/stm32cubeide/plugins/com.st.stm32cube.ide.mcu.externaltools.gnu-tools-for-stm32.7-2018-q2-update.win32_1.5.0.202011040924/tools/bin/../lib/gcc/arm-none-eabi/7.3.1/../../../../arm-none-eabi/lib/thumb/v7-m\libc_nano.a(lib_a-init.o)
                              c:/st/stm32cubeide_1.5.0/stm32cubeide/plugins/com.st.stm32cube.ide.mcu.externaltools.gnu-tools-for-stm32.7-2018-q2-update.win32_1.5.0.202011040924/tools/bin/../lib/gcc/arm-none-eabi/7.3.1/../../../../arm-none-eabi/lib/thumb/v7-m/crt0.o (__libc_init_array)
c:/st/stm32cubeide_1.5.0/stm32cubeide/plugins/com.st.stm32cube.ide.mcu.externaltools.gnu-tools-for-stm32.7-2018-q2-update.win32_1.5.0.202011040924/tools/bin/../lib/gcc/arm-none-eabi/7.3.1/../../../../arm-none-eabi/lib/thumb/v7-m\libc_nano.a(lib_a-memset.o)
                              c:/st/stm32cubeide_1.5.0/stm32cubeide/plugins/com.st.stm32cube.ide.mcu.externaltools.gnu-tools-for-stm32.7-2018-q2-update.win32_1.5.0.202011040924/tools/bin/../lib/gcc/arm-none-eabi/7.3.1/../../../../arm-none-eabi/lib/thumb/v7-m/crt0.o (memset)
c:/st/stm32cubeide_1.5.0/stm32cubeide/plugins/com.st.stm32cube.ide.mcu.externaltools.gnu-tools-for-stm32.7-2018-q2-update.win32_1.5.0.202011040924/tools/bin/../lib/gcc/arm-none-eabi/7.3.1/../../../../arm-none-eabi/lib/thumb/v7-m\libc_nano.a(lib_a-nano-freer.o)
                              c:/st/stm32cubeide_1.5.0/stm32cubeide/plugins/com.st.stm32cube.ide.mcu.externaltools.gnu-tools-for-stm32.7-2018-q2-update.win32_1.5.0.202011040924/tools/bin/../lib/gcc/arm-none-eabi/7.3.1/../../../../arm-none-eabi/lib/thumb/v7-m\libc_nano.a(lib_a-fflush.o) (_free_r)
c:/st/stm32cubeide_1.5.0/stm32cubeide/plugins/com.st.stm32cube.ide.mcu.externaltools.gnu-tools-for-stm32.7-2018-q2-update.win32_1.5.0.202011040924/tools/bin/../lib/gcc/arm-none-eabi/7.3.1/../../../../arm-none-eabi/lib/thumb/v7-m\libc_nano.a(lib_a-nano-mallocr.o)
[...]
Memory Configuration

Name             Origin             Length             Attributes
RAM              0x0000000020000000 0x0000000000005000 xrw
FLASH            0x0000000008000000 0x0000000000020000 xr
*default*        0x0000000000000000 0xffffffffffffffff

Linker script and memory map

LOAD c:/st/stm32cubeide_1.5.0/stm32cubeide/plugins/com.st.stm32cube.ide.mcu.externaltools.gnu-tools-for-stm32.7-2018-q2-update.win32_1.5.0.202011040924/tools/bin/../lib/gcc/arm-none-eabi/7.3.1/thumb/v7-m/crti.o
LOAD c:/st/stm32cubeide_1.5.0/stm32cubeide/plugins/com.st.stm32cube.ide.mcu.externaltools.gnu-tools-for-stm32.7-2018-q2-update.win32_1.5.0.202011040924/tools/bin/../lib/gcc/arm-none-eabi/7.3.1/thumb/v7-m/crtbegin.o
LOAD c:/st/stm32cubeide_1.5.0/stm32cubeide/plugins/com.st.stm32cube.ide.mcu.externaltools.gnu-tools-for-stm32.7-2018-q2-update.win32_1.5.0.202011040924/tools/bin/../lib/gcc/arm-none-eabi/7.3.1/../../../../arm-none-eabi/lib/thumb/v7-m/crt0.o
LOAD Core/Src/fatfs_sd.o
LOAD Core/Src/main.o
LOAD Core/Src/stm32f1xx_hal_msp.o
LOAD Core/Src/stm32f1xx_it.o
LOAD Core/Src/syscalls.o
LOAD Core/Src/sysmem.o
LOAD Core/Src/system_stm32f1xx.o
LOAD Core/Src/user_diskio.o
LOAD Core/Startup/startup_stm32f103rbtx.o
LOAD Drivers/STM32F1xx_HAL_Driver/Src/stm32f1xx_hal.o
LOAD Drivers/STM32F1xx_HAL_Driver/Src/stm32f1xx_hal_adc.o
LOAD Drivers/STM32F1xx_HAL_Driver/Src/stm32f1xx_hal_adc_ex.o
LOAD Drivers/STM32F1xx_HAL_Driver/Src/stm32f1xx_hal_cortex.o
LOAD Drivers/STM32F1xx_HAL_Driver/Src/stm32f1xx_hal_dma.o
LOAD Drivers/STM32F1xx_HAL_Driver/Src/stm32f1xx_hal_exti.o
LOAD Drivers/STM32F1xx_HAL_Driver/Src/stm32f1xx_hal_flash.o
LOAD Drivers/STM32F1xx_HAL_Driver/Src/stm32f1xx_hal_flash_ex.o
LOAD Drivers/STM32F1xx_HAL_Driver/Src/stm32f1xx_hal_gpio.o
LOAD Drivers/STM32F1xx_HAL_Driver/Src/stm32f1xx_hal_gpio_ex.o
LOAD Drivers/STM32F1xx_HAL_Driver/Src/stm32f1xx_hal_pwr.o
LOAD Drivers/STM32F1xx_HAL_Driver/Src/stm32f1xx_hal_rcc.o
LOAD Drivers/STM32F1xx_HAL_Driver/Src/stm32f1xx_hal_rcc_ex.o
LOAD Drivers/STM32F1xx_HAL_Driver/Src/stm32f1xx_hal_spi.o
LOAD Drivers/STM32F1xx_HAL_Driver/Src/stm32f1xx_hal_tim.o
LOAD Drivers/STM32F1xx_HAL_Driver/Src/stm32f1xx_hal_tim_ex.o
LOAD Drivers/STM32F1xx_HAL_Driver/Src/stm32f1xx_hal_uart.o
LOAD FATFS/App/fatfs.o
LOAD Middlewares/Third_Party/FatFs/src/diskio.o
LOAD Middlewares/Third_Party/FatFs/src/ff.o
LOAD Middlewares/Third_Party/FatFs/src/ff_gen_drv.o
LOAD Middlewares/Third_Party/FatFs/src/option/ccsbcs.o
LOAD Middlewares/Third_Party/FatFs/src/option/syscall.o
START GROUP
LOAD c:/st/stm32cubeide_1.5.0/stm32cubeide/plugins/com.st.stm32cube.ide.mcu.externaltools.gnu-tools-for-stm32.7-2018-q2-update.win32_1.5.0.202011040924/tools/bin/../lib/gcc/arm-none-eabi/7.3.1/../../../../arm-none-eabi/lib/thumb/v7-m\libc_nano.a
LOAD c:/st/stm32cubeide_1.5.0/stm32cubeide/plugins/com.st.stm32cube.ide.mcu.externaltools.gnu-tools-for-stm32.7-2018-q2-update.win32_1.5.0.202011040924/tools/bin/../lib/gcc/arm-none-eabi/7.3.1/../../../../arm-none-eabi/lib/thumb/v7-m\libm.a
END GROUP
START GROUP
LOAD c:/st/stm32cubeide_1.5.0/stm32cubeide/plugins/com.st.stm32cube.ide.mcu.externaltools.gnu-tools-for-stm32.7-2018-q2-update.win32_1.5.0.202011040924/tools/bin/../lib/gcc/arm-none-eabi/7.3.1/thumb/v7-m\libgcc.a
LOAD c:/st/stm32cubeide_1.5.0/stm32cubeide/plugins/com.st.stm32cube.ide.mcu.externaltools.gnu-tools-for-stm32.7-2018-q2-update.win32_1.5.0.202011040924/tools/bin/../lib/gcc/arm-none-eabi/7.3.1/../../../../arm-none-eabi/lib/thumb/v7-m\libc_nano.a
END GROUP
START GROUP
LOAD c:/st/stm32cubeide_1.5.0/stm32cubeide/plugins/com.st.stm32cube.ide.mcu.externaltools.gnu-tools-for-stm32.7-2018-q2-update.win32_1.5.0.202011040924/tools/bin/../lib/gcc/arm-none-eabi/7.3.1/thumb/v7-m\libgcc.a
LOAD c:/st/stm32cubeide_1.5.0/stm32cubeide/plugins/com.st.stm32cube.ide.mcu.externaltools.gnu-tools-for-stm32.7-2018-q2-update.win32_1.5.0.202011040924/tools/bin/../lib/gcc/arm-none-eabi/7.3.1/../../../../arm-none-eabi/lib/thumb/v7-m\libc_nano.a
LOAD c:/st/stm32cubeide_1.5.0/stm32cubeide/plugins/com.st.stm32cube.ide.mcu.externaltools.gnu-tools-for-stm32.7-2018-q2-update.win32_1.5.0.202011040924/tools/bin/../lib/gcc/arm-none-eabi/7.3.1/../../../../arm-none-eabi/lib/thumb/v7-m\libnosys.a
END GROUP
START GROUP
LOAD c:/st/stm32cubeide_1.5.0/stm32cubeide/plugins/com.st.stm32cube.ide.mcu.externaltools.gnu-tools-for-stm32.7-2018-q2-update.win32_1.5.0.202011040924/tools/bin/../lib/gcc/arm-none-eabi/7.3.1/thumb/v7-m\libgcc.a
LOAD c:/st/stm32cubeide_1.5.0/stm32cubeide/plugins/com.st.stm32cube.ide.mcu.externaltools.gnu-tools-for-stm32.7-2018-q2-update.win32_1.5.0.202011040924/tools/bin/../lib/gcc/arm-none-eabi/7.3.1/../../../../arm-none-eabi/lib/thumb/v7-m\libc_nano.a
LOAD c:/st/stm32cubeide_1.5.0/stm32cubeide/plugins/com.st.stm32cube.ide.mcu.externaltools.gnu-tools-for-stm32.7-2018-q2-update.win32_1.5.0.202011040924/tools/bin/../lib/gcc/arm-none-eabi/7.3.1/../../../../arm-none-eabi/lib/thumb/v7-m\libnosys.a
END GROUP
LOAD c:/st/stm32cubeide_1.5.0/stm32cubeide/plugins/com.st.stm32cube.ide.mcu.externaltools.gnu-tools-for-stm32.7-2018-q2-update.win32_1.5.0.202011040924/tools/bin/../lib/gcc/arm-none-eabi/7.3.1/thumb/v7-m/crtend.o
LOAD c:/st/stm32cubeide_1.5.0/stm32cubeide/plugins/com.st.stm32cube.ide.mcu.externaltools.gnu-tools-for-stm32.7-2018-q2-update.win32_1.5.0.202011040924/tools/bin/../lib/gcc/arm-none-eabi/7.3.1/thumb/v7-m/crtn.o
                0x0000000020005000                _estack = (ORIGIN (RAM) + LENGTH (RAM))
                0x0000000000000200                _Min_Heap_Size = 0x200
                0x0000000000000400                _Min_Stack_Size = 0x400

.isr_vector     0x0000000008000000      0x10c
                0x0000000008000000                . = ALIGN (0x4)
 *(.isr_vector)
 .isr_vector    0x0000000008000000      0x10c Core/Startup/startup_stm32f103rbtx.o
                0x0000000008000000                g_pfnVectors
                0x000000000800010c                . = ALIGN (0x4)

.text           0x000000000800010c     0x8ee4
                0x000000000800010c                . = ALIGN (0x4)
 *(.text)
 .text          0x000000000800010c       0x40 c:/st/stm32cubeide_1.5.0/stm32cubeide/plugins/com.st.stm32cube.ide.mcu.externaltools.gnu-tools-for-stm32.7-2018-q2-update.win32_1.5.0.202011040924/tools/bin/../lib/gcc/arm-none-eabi/7.3.1/thumb/v7-m/crtbegin.o
 *(.text*)
 .text.SELECT   0x000000000800014c       0x18 Core/Src/fatfs_sd.o
 .text.DESELECT
                0x0000000008000164       0x18 Core/Src/fatfs_sd.o
 .text.SPI_TxByte
                0x000000000800017c       0x34 Core/Src/fatfs_sd.o
 .text.SPI_RxByte
                0x00000000080001b0       0x3c Core/Src/fatfs_sd.o
 .text.SPI_RxBytePtr
                0x00000000080001ec       0x1c Core/Src/fatfs_sd.o
 .text.SD_ReadyWait
                0x0000000008000208       0x38 Core/Src/fatfs_sd.o
 .text.SD_PowerOn
                0x0000000008000240       0x98 Core/Src/fatfs_sd.o
 .text.SD_PowerOff
                0x00000000080002d8       0x18 Core/Src/fatfs_sd.o
 .text.SD_CheckPower
                0x00000000080002f0       0x14 Core/Src/fatfs_sd.o
 .text.SD_RxDataBlock
                0x0000000008000304       0x6c Core/Src/fatfs_sd.o
 .text.SD_TxDataBlock
                0x0000000008000370       0xa8 Core/Src/fatfs_sd.o
 .text.SD_SendCmd
                0x0000000008000418       0xa4 Core/Src/fatfs_sd.o
 .text.SD_disk_initialize
                0x00000000080004bc      0x1d4 Core/Src/fatfs_sd.o
                0x00000000080004bc                SD_disk_initialize
 .text.SD_disk_status
                0x0000000008000690       0x28 Core/Src/fatfs_sd.o
                0x0000000008000690                SD_disk_status
 .text.SD_disk_read
                0x00000000080006b8       0xd4 Core/Src/fatfs_sd.o
                0x00000000080006b8                SD_disk_read
 .text.SD_disk_write
                0x000000000800078c      0x108 Core/Src/fatfs_sd.o
                0x000000000800078c                SD_disk_write
 .text.SD_disk_ioctl
                0x0000000008000894      0x25c Core/Src/fatfs_sd.o
                0x0000000008000894                SD_disk_ioctl
 .text.HAL_ADC_ConvHalfCpltCallback
                0x0000000008000af0       0x12 Core/Src/main.o
                0x0000000008000af0                HAL_ADC_ConvHalfCpltCallback
 *fill*         0x0000000008000b02        0x2 
 .text.HAL_ADC_ConvCpltCallback
                0x0000000008000b04       0x38 Core/Src/main.o
                0x0000000008000b04                HAL_ADC_ConvCpltCallback
 .text.HAL_TIM_PeriodElapsedCallback
                0x0000000008000b3c       0x34 Core/Src/main.o
                0x0000000008000b3c                HAL_TIM_PeriodElapsedCallback
 .text.main     0x0000000008000b70      0x150 Core/Src/main.o
                0x0000000008000b70                main
 .text.SystemClock_Config
                0x0000000008000cc0       0xb6 Core/Src/main.o
                0x0000000008000cc0                SystemClock_Config
 *fill*         0x0000000008000d76        0x2 
 .text.MX_ADC1_Init
                0x0000000008000d78       0x7c Core/Src/main.o
 .text.MX_SPI2_Init
                0x0000000008000df4       0x6c Core/Src/main.o
 .text.MX_TIM3_Init
                0x0000000008000e60       0x9c Core/Src/main.o
 .text.MX_USART1_UART_Init
                0x0000000008000efc       0x54 Core/Src/main.o
 .text.MX_DMA_Init
                0x0000000008000f50       0x3c Core/Src/main.o
 .text.MX_GPIO_Init
                0x0000000008000f8c      0x124 Core/Src/main.o
 .text._Error_Handler
                0x00000000080010b0       0x30 Core/Src/main.o
                0x00000000080010b0                _Error_Handler
 .text.Error_Handler
                0x00000000080010e0       0x2c Core/Src/main.o
                0x00000000080010e0                Error_Handler
 .text.HAL_MspInit
                0x000000000800110c       0x64 Core/Src/stm32f1xx_hal_msp.o
                0x000000000800110c                HAL_MspInit
 .text.HAL_ADC_MspInit
                0x0000000008001170       0xd4 Core/Src/stm32f1xx_hal_msp.o
                0x0000000008001170                HAL_ADC_MspInit
 .text.HAL_SPI_MspInit
                0x0000000008001244       0x98 Core/Src/stm32f1xx_hal_msp.o
                0x0000000008001244                HAL_SPI_MspInit
 .text.HAL_TIM_Base_MspInit
                0x00000000080012dc       0x4c Core/Src/stm32f1xx_hal_msp.o
                0x00000000080012dc                HAL_TIM_Base_MspInit
 .text.HAL_UART_MspInit
                0x0000000008001328       0x98 Core/Src/stm32f1xx_hal_msp.o
                0x0000000008001328                HAL_UART_MspInit
 .text.SDTimer_Handler
                0x00000000080013c0       0x44 Core/Src/stm32f1xx_it.o
                0x00000000080013c0                SDTimer_Handler
 .text.NMI_Handler
                0x0000000008001404        0x6 Core/Src/stm32f1xx_it.o
                0x0000000008001404                NMI_Handler
 .text.HardFault_Handler
                0x000000000800140a        0x6 Core/Src/stm32f1xx_it.o
                0x000000000800140a                HardFault_Handler
 .text.MemManage_Handler
                0x0000000008001410        0x6 Core/Src/stm32f1xx_it.o
                0x0000000008001410                MemManage_Handler
 .text.BusFault_Handler
                0x0000000008001416        0x6 Core/Src/stm32f1xx_it.o
                0x0000000008001416                BusFault_Handler
 .text.UsageFault_Handler
                0x000000000800141c        0x6 Core/Src/stm32f1xx_it.o
                0x000000000800141c                UsageFault_Handler
 .text.SVC_Handler
                0x0000000008001422        0xc Core/Src/stm32f1xx_it.o
                0x0000000008001422                SVC_Handler
 .text.DebugMon_Handler
                0x000000000800142e        0xc Core/Src/stm32f1xx_it.o
                0x000000000800142e                DebugMon_Handler
 .text.PendSV_Handler
                0x000000000800143a        0xc Core/Src/stm32f1xx_it.o
                0x000000000800143a                PendSV_Handler
 *fill*         0x0000000008001446        0x2 
 .text.SysTick_Handler
                0x0000000008001448       0x34 Core/Src/stm32f1xx_it.o
                0x0000000008001448                SysTick_Handler
 .text.DMA1_Channel1_IRQHandler
                0x000000000800147c       0x14 Core/Src/stm32f1xx_it.o
                0x000000000800147c                DMA1_Channel1_IRQHandler
 .text.TIM3_IRQHandler
                0x0000000008001490       0x14 Core/Src/stm32f1xx_it.o
                0x0000000008001490                TIM3_IRQHandler
 .text.EXTI15_10_IRQHandler
                0x00000000080014a4       0x10 Core/Src/stm32f1xx_it.o
                0x00000000080014a4                EXTI15_10_IRQHandler
 .text._read    0x00000000080014b4       0x3a Core/Src/syscalls.o
                0x00000000080014b4                _read
 .text._write   0x00000000080014ee       0x38 Core/Src/syscalls.o
                0x00000000080014ee                _write
 .text._close   0x0000000008001526       0x16 Core/Src/syscalls.o
                0x0000000008001526                _close
 .text._fstat   0x000000000800153c       0x1e Core/Src/syscalls.o
                0x000000000800153c                _fstat
 .text._isatty  0x000000000800155a       0x14 Core/Src/syscalls.o
                0x000000000800155a                _isatty
 .text._lseek   0x000000000800156e       0x18 Core/Src/syscalls.o
                0x000000000800156e                _lseek
 *fill*         0x0000000008001586        0x2 
 .text._sbrk    0x0000000008001588       0x6c Core/Src/sysmem.o
                0x0000000008001588                _sbrk
 .text.SystemInit
                0x00000000080015f4        0xc Core/Src/system_stm32f1xx.o
                0x00000000080015f4                SystemInit
 .text.USER_initialize
                0x0000000008001600       0x1c Core/Src/user_diskio.o
                0x0000000008001600                USER_initialize
 .text.USER_status
                0x000000000800161c       0x1c Core/Src/user_diskio.o
                0x000000000800161c                USER_status
 .text.USER_read
                0x0000000008001638       0x26 Core/Src/user_diskio.o
                0x0000000008001638                USER_read
 .text.USER_write
                0x000000000800165e       0x26 Core/Src/user_diskio.o
                0x000000000800165e                USER_write
 .text.USER_ioctl
                0x0000000008001684       0x26 Core/Src/user_diskio.o
                0x0000000008001684                USER_ioctl
 *fill*         0x00000000080016aa        0x2 
 .text.Reset_Handler
                0x00000000080016ac       0x48 Core/Startup/startup_stm32f103rbtx.o
                0x00000000080016ac                Reset_Handler
 .text.Default_Handler
                0x00000000080016f4        0x2 Core/Startup/startup_stm32f103rbtx.o
                0x00000000080016f4                RTC_Alarm_IRQHandler
                0x00000000080016f4                EXTI2_IRQHandler
                0x00000000080016f4                TIM1_CC_IRQHandler
                0x00000000080016f4                PVD_IRQHandler
                0x00000000080016f4                EXTI3_IRQHandler
                0x00000000080016f4                EXTI0_IRQHandler
                0x00000000080016f4                I2C2_EV_IRQHandler
                0x00000000080016f4                ADC1_2_IRQHandler
                0x00000000080016f4                SPI1_IRQHandler
                0x00000000080016f4                TAMPER_IRQHandler
                0x00000000080016f4                DMA1_Channel4_IRQHandler
                0x00000000080016f4                USART3_IRQHandler
                0x00000000080016f4                RTC_IRQHandler
                0x00000000080016f4                DMA1_Channel7_IRQHandler
                0x00000000080016f4                CAN1_RX1_IRQHandler
                0x00000000080016f4                TIM4_IRQHandler
                0x00000000080016f4                I2C1_EV_IRQHandler
                0x00000000080016f4                DMA1_Channel6_IRQHandler
                0x00000000080016f4                RCC_IRQHandler
                0x00000000080016f4                TIM1_TRG_COM_IRQHandler
                0x00000000080016f4                Default_Handler
                0x00000000080016f4                EXTI9_5_IRQHandler
                0x00000000080016f4                SPI2_IRQHandler
                0x00000000080016f4                DMA1_Channel5_IRQHandler
                0x00000000080016f4                EXTI4_IRQHandler
                0x00000000080016f4                USB_LP_CAN1_RX0_IRQHandler
                0x00000000080016f4                USB_HP_CAN1_TX_IRQHandler
                0x00000000080016f4                DMA1_Channel3_IRQHandler
                0x00000000080016f4                TIM1_UP_IRQHandler
                0x00000000080016f4                WWDG_IRQHandler
                0x00000000080016f4                TIM2_IRQHandler
                0x00000000080016f4                TIM1_BRK_IRQHandler
                0x00000000080016f4                EXTI1_IRQHandler
                0x00000000080016f4                USART2_IRQHandler
                0x00000000080016f4                I2C2_ER_IRQHandler
                0x00000000080016f4                DMA1_Channel2_IRQHandler
                0x00000000080016f4                CAN1_SCE_IRQHandler
                0x00000000080016f4                FLASH_IRQHandler
                0x00000000080016f4                USART1_IRQHandler
                0x00000000080016f4                I2C1_ER_IRQHandler
                0x00000000080016f4                USBWakeUp_IRQHandler
 *fill*         0x00000000080016f6        0x2 
 .text.HAL_Init
                0x00000000080016f8       0x2c Drivers/STM32F1xx_HAL_Driver/Src/stm32f1xx_hal.o
                0x00000000080016f8                HAL_Init
 .text.HAL_InitTick
                0x0000000008001724       0x60 Drivers/STM32F1xx_HAL_Driver/Src/stm32f1xx_hal.o
                0x0000000008001724                HAL_InitTick
 .text.HAL_IncTick
                0x0000000008001784       0x24 Drivers/STM32F1xx_HAL_Driver/Src/stm32f1xx_hal.o
                0x0000000008001784                HAL_IncTick
 .text.HAL_GetTick
                0x00000000080017a8       0x14 Drivers/STM32F1xx_HAL_Driver/Src/stm32f1xx_hal.o
                0x00000000080017a8                HAL_GetTick
 .text.HAL_Delay
                0x00000000080017bc       0x44 Drivers/STM32F1xx_HAL_Driver/Src/stm32f1xx_hal.o
                0x00000000080017bc                HAL_Delay
 .text.HAL_ADC_Init
                0x0000000008001800      0x1b0 Drivers/STM32F1xx_HAL_Driver/Src/stm32f1xx_hal_adc.o
                0x0000000008001800                HAL_ADC_Init
 .text.HAL_ADC_Start_DMA
                0x00000000080019b0      0x1bc Drivers/STM32F1xx_HAL_Driver/Src/stm32f1xx_hal_adc.o
                0x00000000080019b0                HAL_ADC_Start_DMA
 .text.HAL_ADC_ErrorCallback
                0x0000000008001b6c       0x12 Drivers/STM32F1xx_HAL_Driver/Src/stm32f1xx_hal_adc.o
                0x0000000008001b6c                HAL_ADC_ErrorCallback
 *fill*         0x0000000008001b7e        0x2 
 .text.HAL_ADC_ConfigChannel
                0x0000000008001b80      0x1f0 Drivers/STM32F1xx_HAL_Driver/Src/stm32f1xx_hal_adc.o
                0x0000000008001b80                HAL_ADC_ConfigChannel
 .text.ADC_Enable
                0x0000000008001d70       0xa4 Drivers/STM32F1xx_HAL_Driver/Src/stm32f1xx_hal_adc.o
                0x0000000008001d70                ADC_Enable
 .text.ADC_ConversionStop_Disable
                0x0000000008001e14       0x74 Drivers/STM32F1xx_HAL_Driver/Src/stm32f1xx_hal_adc.o
                0x0000000008001e14                ADC_ConversionStop_Disable
 .text.ADC_DMAConvCplt
                0x0000000008001e88       0x7c Drivers/STM32F1xx_HAL_Driver/Src/stm32f1xx_hal_adc.o
                0x0000000008001e88                ADC_DMAConvCplt
 .text.ADC_DMAHalfConvCplt
                0x0000000008001f04       0x1c Drivers/STM32F1xx_HAL_Driver/Src/stm32f1xx_hal_adc.o
                0x0000000008001f04                ADC_DMAHalfConvCplt
 .text.ADC_DMAError
                0x0000000008001f20       0x34 Drivers/STM32F1xx_HAL_Driver/Src/stm32f1xx_hal_adc.o
                0x0000000008001f20                ADC_DMAError
 .text.__NVIC_SetPriorityGrouping
                0x0000000008001f54       0x48 Drivers/STM32F1xx_HAL_Driver/Src/stm32f1xx_hal_cortex.o
 .text.__NVIC_GetPriorityGrouping
                0x0000000008001f9c       0x1c Drivers/STM32F1xx_HAL_Driver/Src/stm32f1xx_hal_cortex.o
 .text.__NVIC_EnableIRQ
                0x0000000008001fb8       0x38 Drivers/STM32F1xx_HAL_Driver/Src/stm32f1xx_hal_cortex.o
 .text.__NVIC_SetPriority
                0x0000000008001ff0       0x54 Drivers/STM32F1xx_HAL_Driver/Src/stm32f1xx_hal_cortex.o
 .text.NVIC_EncodePriority
                0x0000000008002044       0x64 Drivers/STM32F1xx_HAL_Driver/Src/stm32f1xx_hal_cortex.o
 .text.SysTick_Config
                0x00000000080020a8       0x44 Drivers/STM32F1xx_HAL_Driver/Src/stm32f1xx_hal_cortex.o
 .text.HAL_NVIC_SetPriorityGrouping
                0x00000000080020ec       0x16 Drivers/STM32F1xx_HAL_Driver/Src/stm32f1xx_hal_cortex.o
                0x00000000080020ec                HAL_NVIC_SetPriorityGrouping
 .text.HAL_NVIC_SetPriority
                0x0000000008002102       0x38 Drivers/STM32F1xx_HAL_Driver/Src/stm32f1xx_hal_cortex.o
                0x0000000008002102                HAL_NVIC_SetPriority
 .text.HAL_NVIC_EnableIRQ
                0x000000000800213a       0x1c Drivers/STM32F1xx_HAL_Driver/Src/stm32f1xx_hal_cortex.o
                0x000000000800213a                HAL_NVIC_EnableIRQ
 .text.HAL_SYSTICK_Config
                0x0000000008002156       0x18 Drivers/STM32F1xx_HAL_Driver/Src/stm32f1xx_hal_cortex.o
                0x0000000008002156                HAL_SYSTICK_Config
 *fill*         0x000000000800216e        0x2 
 .text.HAL_DMA_Init
                0x0000000008002170       0xb4 Drivers/STM32F1xx_HAL_Driver/Src/stm32f1xx_hal_dma.o
                0x0000000008002170                HAL_DMA_Init
 .text.HAL_DMA_Start_IT
                0x0000000008002224       0xbe Drivers/STM32F1xx_HAL_Driver/Src/stm32f1xx_hal_dma.o
                0x0000000008002224                HAL_DMA_Start_IT
 *fill*         0x00000000080022e2        0x2 
 .text.HAL_DMA_IRQHandler
                0x00000000080022e4      0x20c Drivers/STM32F1xx_HAL_Driver/Src/stm32f1xx_hal_dma.o
                0x00000000080022e4                HAL_DMA_IRQHandler
 .text.DMA_SetConfig
                0x00000000080024f0       0x5a Drivers/STM32F1xx_HAL_Driver/Src/stm32f1xx_hal_dma.o
 *fill*         0x000000000800254a        0x2 
 .text.HAL_GPIO_Init
                0x000000000800254c      0x2b4 Drivers/STM32F1xx_HAL_Driver/Src/stm32f1xx_hal_gpio.o
                0x000000000800254c                HAL_GPIO_Init
 .text.HAL_GPIO_WritePin
                0x0000000008002800       0x30 Drivers/STM32F1xx_HAL_Driver/Src/stm32f1xx_hal_gpio.o
                0x0000000008002800                HAL_GPIO_WritePin
 .text.HAL_GPIO_TogglePin
                0x0000000008002830       0x32 Drivers/STM32F1xx_HAL_Driver/Src/stm32f1xx_hal_gpio.o
                0x0000000008002830                HAL_GPIO_TogglePin
 *fill*         0x0000000008002862        0x2 
 .text.HAL_GPIO_EXTI_IRQHandler
                0x0000000008002864       0x30 Drivers/STM32F1xx_HAL_Driver/Src/stm32f1xx_hal_gpio.o
                0x0000000008002864                HAL_GPIO_EXTI_IRQHandler
 .text.HAL_GPIO_EXTI_Callback
                0x0000000008002894       0x14 Drivers/STM32F1xx_HAL_Driver/Src/stm32f1xx_hal_gpio.o
                0x0000000008002894                HAL_GPIO_EXTI_Callback
 .text.HAL_RCC_OscConfig
                0x00000000080028a8      0x500 Drivers/STM32F1xx_HAL_Driver/Src/stm32f1xx_hal_rcc.o
                0x00000000080028a8                HAL_RCC_OscConfig
 .text.HAL_RCC_ClockConfig
                0x0000000008002da8      0x1d4 Drivers/STM32F1xx_HAL_Driver/Src/stm32f1xx_hal_rcc.o
                0x0000000008002da8                HAL_RCC_ClockConfig
 .text.HAL_RCC_GetSysClockFreq
                0x0000000008002f7c       0xc4 Drivers/STM32F1xx_HAL_Driver/Src/stm32f1xx_hal_rcc.o
                0x0000000008002f7c                HAL_RCC_GetSysClockFreq
 .text.HAL_RCC_GetHCLKFreq
                0x0000000008003040       0x14 Drivers/STM32F1xx_HAL_Driver/Src/stm32f1xx_hal_rcc.o
                0x0000000008003040                HAL_RCC_GetHCLKFreq
 .text.HAL_RCC_GetPCLK1Freq
                0x0000000008003054       0x28 Drivers/STM32F1xx_HAL_Driver/Src/stm32f1xx_hal_rcc.o
                0x0000000008003054                HAL_RCC_GetPCLK1Freq
 .text.HAL_RCC_GetPCLK2Freq
                0x000000000800307c       0x28 Drivers/STM32F1xx_HAL_Driver/Src/stm32f1xx_hal_rcc.o
                0x000000000800307c                HAL_RCC_GetPCLK2Freq
 .text.RCC_Delay
                0x00000000080030a4       0x3c Drivers/STM32F1xx_HAL_Driver/Src/stm32f1xx_hal_rcc.o
 .text.HAL_RCCEx_PeriphCLKConfig
                0x00000000080030e0      0x16c Drivers/STM32F1xx_HAL_Driver/Src/stm32f1xx_hal_rcc_ex.o
                0x00000000080030e0                HAL_RCCEx_PeriphCLKConfig
 .text.HAL_SPI_Init
                0x000000000800324c      0x108 Drivers/STM32F1xx_HAL_Driver/Src/stm32f1xx_hal_spi.o
                0x000000000800324c                HAL_SPI_Init
 .text.HAL_SPI_Transmit
                0x0000000008003354      0x278 Drivers/STM32F1xx_HAL_Driver/Src/stm32f1xx_hal_spi.o
                0x0000000008003354                HAL_SPI_Transmit
 .text.HAL_SPI_TransmitReceive
                0x00000000080035cc      0x344 Drivers/STM32F1xx_HAL_Driver/Src/stm32f1xx_hal_spi.o
                0x00000000080035cc                HAL_SPI_TransmitReceive
 .text.HAL_SPI_GetState
                0x0000000008003910       0x1a Drivers/STM32F1xx_HAL_Driver/Src/stm32f1xx_hal_spi.o
                0x0000000008003910                HAL_SPI_GetState
 *fill*         0x000000000800392a        0x2 
 .text.SPI_WaitFlagStateUntilTimeout
                0x000000000800392c      0x110 Drivers/STM32F1xx_HAL_Driver/Src/stm32f1xx_hal_spi.o
 .text.SPI_EndRxTxTransaction
                0x0000000008003a3c       0x3c Drivers/STM32F1xx_HAL_Driver/Src/stm32f1xx_hal_spi.o
 .text.HAL_TIM_Base_Init
                0x0000000008003a78       0x9e Drivers/STM32F1xx_HAL_Driver/Src/stm32f1xx_hal_tim.o
                0x0000000008003a78                HAL_TIM_Base_Init
 *fill*         0x0000000008003b16        0x2 
 .text.HAL_TIM_Base_Start_IT
                0x0000000008003b18       0xa4 Drivers/STM32F1xx_HAL_Driver/Src/stm32f1xx_hal_tim.o
                0x0000000008003b18                HAL_TIM_Base_Start_IT
 .text.HAL_TIM_IRQHandler
                0x0000000008003bbc      0x210 Drivers/STM32F1xx_HAL_Driver/Src/stm32f1xx_hal_tim.o
                0x0000000008003bbc                HAL_TIM_IRQHandler
 .text.HAL_TIM_ConfigClockSource
                0x0000000008003dcc      0x16e Drivers/STM32F1xx_HAL_Driver/Src/stm32f1xx_hal_tim.o
                0x0000000008003dcc                HAL_TIM_ConfigClockSource
 .text.HAL_TIM_OC_DelayElapsedCallback
                0x0000000008003f3a       0x12 Drivers/STM32F1xx_HAL_Driver/Src/stm32f1xx_hal_tim.o
                0x0000000008003f3a                HAL_TIM_OC_DelayElapsedCallback
 .text.HAL_TIM_IC_CaptureCallback
                0x0000000008003f4c       0x12 Drivers/STM32F1xx_HAL_Driver/Src/stm32f1xx_hal_tim.o
                0x0000000008003f4c                HAL_TIM_IC_CaptureCallback
 .text.HAL_TIM_PWM_PulseFinishedCallback
                0x0000000008003f5e       0x12 Drivers/STM32F1xx_HAL_Driver/Src/stm32f1xx_hal_tim.o
                0x0000000008003f5e                HAL_TIM_PWM_PulseFinishedCallback
 .text.HAL_TIM_TriggerCallback
                0x0000000008003f70       0x12 Drivers/STM32F1xx_HAL_Driver/Src/stm32f1xx_hal_tim.o
                0x0000000008003f70                HAL_TIM_TriggerCallback
 *fill*         0x0000000008003f82        0x2 
 .text.TIM_Base_SetConfig
                0x0000000008003f84       0xc4 Drivers/STM32F1xx_HAL_Driver/Src/stm32f1xx_hal_tim.o
                0x0000000008003f84                TIM_Base_SetConfig
 .text.TIM_TI1_ConfigInputStage
                0x0000000008004048       0x5c Drivers/STM32F1xx_HAL_Driver/Src/stm32f1xx_hal_tim.o
 .text.TIM_TI2_ConfigInputStage
                0x00000000080040a4       0x5e Drivers/STM32F1xx_HAL_Driver/Src/stm32f1xx_hal_tim.o
 .text.TIM_ITRx_SetConfig
                0x0000000008004102       0x34 Drivers/STM32F1xx_HAL_Driver/Src/stm32f1xx_hal_tim.o
 .text.TIM_ETR_SetConfig
                0x0000000008004136       0x3e Drivers/STM32F1xx_HAL_Driver/Src/stm32f1xx_hal_tim.o
                0x0000000008004136                TIM_ETR_SetConfig
 .text.HAL_TIMEx_MasterConfigSynchronization
                0x0000000008004174       0xbc Drivers/STM32F1xx_HAL_Driver/Src/stm32f1xx_hal_tim_ex.o
                0x0000000008004174                HAL_TIMEx_MasterConfigSynchronization
 .text.HAL_TIMEx_CommutCallback
                0x0000000008004230       0x12 Drivers/STM32F1xx_HAL_Driver/Src/stm32f1xx_hal_tim_ex.o
                0x0000000008004230                HAL_TIMEx_CommutCallback
 .text.HAL_TIMEx_BreakCallback
                0x0000000008004242       0x12 Drivers/STM32F1xx_HAL_Driver/Src/stm32f1xx_hal_tim_ex.o
                0x0000000008004242                HAL_TIMEx_BreakCallback
 .text.HAL_UART_Init
                0x0000000008004254       0x9a Drivers/STM32F1xx_HAL_Driver/Src/stm32f1xx_hal_uart.o
                0x0000000008004254                HAL_UART_Init
 *fill*         0x00000000080042ee        0x2 
 .text.UART_SetConfig
                0x00000000080042f0      0x11c Drivers/STM32F1xx_HAL_Driver/Src/stm32f1xx_hal_uart.o
 .text.MX_FATFS_Init
                0x000000000800440c       0x24 FATFS/App/fatfs.o
                0x000000000800440c                MX_FATFS_Init
 .text.get_fattime
                0x0000000008004430        0xe FATFS/App/fatfs.o
                0x0000000008004430                get_fattime
 *fill*         0x000000000800443e        0x2 
 .text.disk_status
                0x0000000008004440       0x34 Middlewares/Third_Party/FatFs/src/diskio.o
                0x0000000008004440                disk_status
 .text.disk_initialize
                0x0000000008004474       0x4c Middlewares/Third_Party/FatFs/src/diskio.o
                0x0000000008004474                disk_initialize
 .text.disk_read
                0x00000000080044c0       0x40 Middlewares/Third_Party/FatFs/src/diskio.o
                0x00000000080044c0                disk_read
 .text.disk_write
                0x0000000008004500       0x40 Middlewares/Third_Party/FatFs/src/diskio.o
                0x0000000008004500                disk_write
 .text.disk_ioctl
                0x0000000008004540       0x3c Middlewares/Third_Party/FatFs/src/diskio.o
                0x0000000008004540                disk_ioctl
 .text.mem_cpy  0x000000000800457c       0x3a Middlewares/Third_Party/FatFs/src/ff.o
 .text.mem_set  0x00000000080045b6       0x32 Middlewares/Third_Party/FatFs/src/ff.o
 .text.mem_cmp  0x00000000080045e8       0x4c Middlewares/Third_Party/FatFs/src/ff.o
 .text.chk_chr  0x0000000008004634       0x34 Middlewares/Third_Party/FatFs/src/ff.o
 .text.chk_lock
                0x0000000008004668       0xe4 Middlewares/Third_Party/FatFs/src/ff.o
 .text.enq_lock
                0x000000000800474c       0x48 Middlewares/Third_Party/FatFs/src/ff.o
 .text.inc_lock
                0x0000000008004794      0x180 Middlewares/Third_Party/FatFs/src/ff.o
 .text.dec_lock
                0x0000000008004914       0x88 Middlewares/Third_Party/FatFs/src/ff.o
 .text.clear_lock
                0x000000000800499c       0x50 Middlewares/Third_Party/FatFs/src/ff.o
 .text.sync_window
                0x00000000080049ec       0xb4 Middlewares/Third_Party/FatFs/src/ff.o
 .text.move_window
                0x0000000008004aa0       0x68 Middlewares/Third_Party/FatFs/src/ff.o
 .text.sync_fs  0x0000000008004b08      0x19e Middlewares/Third_Party/FatFs/src/ff.o
 .text.clust2sect
                0x0000000008004ca6       0x4e Middlewares/Third_Party/FatFs/src/ff.o
                0x0000000008004ca6                clust2sect
 .text.get_fat  0x0000000008004cf4      0x204 Middlewares/Third_Party/FatFs/src/ff.o
                0x0000000008004cf4                get_fat
 .text.put_fat  0x0000000008004ef8      0x2ba Middlewares/Third_Party/FatFs/src/ff.o
                0x0000000008004ef8                put_fat
 .text.remove_chain
                0x00000000080051b2       0xd0 Middlewares/Third_Party/FatFs/src/ff.o
 .text.create_chain
                0x0000000008005282      0x162 Middlewares/Third_Party/FatFs/src/ff.o
 .text.clmt_clust
                0x00000000080053e4       0x86 Middlewares/Third_Party/FatFs/src/ff.o
 .text.dir_sdi  0x000000000800546a      0x1b6 Middlewares/Third_Party/FatFs/src/ff.o
 .text.dir_next
                0x0000000008005620      0x2c4 Middlewares/Third_Party/FatFs/src/ff.o
 .text.dir_alloc
                0x00000000080058e4       0xa2 Middlewares/Third_Party/FatFs/src/ff.o
 .text.ld_clust
                0x0000000008005986       0x5c Middlewares/Third_Party/FatFs/src/ff.o
 .text.st_clust
                0x00000000080059e2       0x4c Middlewares/Third_Party/FatFs/src/ff.o
 *fill*         0x0000000008005a2e        0x2 
 .text.cmp_lfn  0x0000000008005a30       0xdc Middlewares/Third_Party/FatFs/src/ff.o
 .text.fit_lfn  0x0000000008005b0c       0xe8 Middlewares/Third_Party/FatFs/src/ff.o
 .text.gen_numname
                0x0000000008005bf4      0x11e Middlewares/Third_Party/FatFs/src/ff.o
 .text.sum_sfn  0x0000000008005d12       0x40 Middlewares/Third_Party/FatFs/src/ff.o
 .text.dir_find
                0x0000000008005d52      0x1aa Middlewares/Third_Party/FatFs/src/ff.o
 .text.dir_register
                0x0000000008005efc      0x260 Middlewares/Third_Party/FatFs/src/ff.o
 .text.create_name
                0x000000000800615c      0x384 Middlewares/Third_Party/FatFs/src/ff.o
 .text.follow_path
                0x00000000080064e0       0xf2 Middlewares/Third_Party/FatFs/src/ff.o
 .text.get_ldnumber
                0x00000000080065d2       0x86 Middlewares/Third_Party/FatFs/src/ff.o
 .text.check_fs
                0x0000000008006658       0xdc Middlewares/Third_Party/FatFs/src/ff.o
 .text.find_volume
                0x0000000008006734      0x6b8 Middlewares/Third_Party/FatFs/src/ff.o
 .text.validate
                0x0000000008006dec       0x7c Middlewares/Third_Party/FatFs/src/ff.o
 .text.f_mount  0x0000000008006e68       0x94 Middlewares/Third_Party/FatFs/src/ff.o
                0x0000000008006e68                f_mount
 .text.f_open   0x0000000008006efc      0x674 Middlewares/Third_Party/FatFs/src/ff.o
                0x0000000008006efc                f_open
 .text.f_write  0x0000000008007570      0x4e6 Middlewares/Third_Party/FatFs/src/ff.o
                0x0000000008007570                f_write
 .text.f_sync   0x0000000008007a56      0x1bc Middlewares/Third_Party/FatFs/src/ff.o
                0x0000000008007a56                f_sync
 .text.f_close  0x0000000008007c12       0x56 Middlewares/Third_Party/FatFs/src/ff.o
                0x0000000008007c12                f_close
 .text.FATFS_LinkDriverEx
                0x0000000008007c68       0x94 Middlewares/Third_Party/FatFs/src/ff_gen_drv.o
                0x0000000008007c68                FATFS_LinkDriverEx
 .text.FATFS_LinkDriver
                0x0000000008007cfc       0x1e Middlewares/Third_Party/FatFs/src/ff_gen_drv.o
                0x0000000008007cfc                FATFS_LinkDriver
 *fill*         0x0000000008007d1a        0x2 
 .text.ff_convert
                0x0000000008007d1c       0x74 Middlewares/Third_Party/FatFs/src/option/ccsbcs.o
                0x0000000008007d1c                ff_convert
 .text.ff_wtoupper
                0x0000000008007d90       0x5c Middlewares/Third_Party/FatFs/src/option/ccsbcs.o
                0x0000000008007d90                ff_wtoupper
 .text.__errno  0x0000000008007dec        0xc c:/st/stm32cubeide_1.5.0/stm32cubeide/plugins/com.st.stm32cube.ide.mcu.externaltools.gnu-tools-for-stm32.7-2018-q2-update.win32_1.5.0.202011040924/tools/bin/../lib/gcc/arm-none-eabi/7.3.1/../../../../arm-none-eabi/lib/thumb/v7-m\libc_nano.a(lib_a-errno.o)
                0x0000000008007dec                __errno
 .text.__sflush_r
                0x0000000008007df8      0x10c c:/st/stm32cubeide_1.5.0/stm32cubeide/plugins/com.st.stm32cube.ide.mcu.externaltools.gnu-tools-for-stm32.7-2018-q2-update.win32_1.5.0.202011040924/tools/bin/../lib/gcc/arm-none-eabi/7.3.1/../../../../arm-none-eabi/lib/thumb/v7-m\libc_nano.a(lib_a-fflush.o)
                0x0000000008007df8                __sflush_r
 .text._fflush_r
                0x0000000008007f04       0x54 c:/st/stm32cubeide_1.5.0/stm32cubeide/plugins/com.st.stm32cube.ide.mcu.externaltools.gnu-tools-for-stm32.7-2018-q2-update.win32_1.5.0.202011040924/tools/bin/../lib/gcc/arm-none-eabi/7.3.1/../../../../arm-none-eabi/lib/thumb/v7-m\libc_nano.a(lib_a-fflush.o)
                0x0000000008007f04                _fflush_r
 .text.fflush   0x0000000008007f58       0x24 c:/st/stm32cubeide_1.5.0/stm32cubeide/plugins/com.st.stm32cube.ide.mcu.externaltools.gnu-tools-for-stm32.7-2018-q2-update.win32_1.5.0.202011040924/tools/bin/../lib/gcc/arm-none-eabi/7.3.1/../../../../arm-none-eabi/lib/thumb/v7-m\libc_nano.a(lib_a-fflush.o)
                0x0000000008007f58                fflush
 .text.std      0x0000000008007f7c       0x48 c:/st/stm32cubeide_1.5.0/stm32cubeide/plugins/com.st.stm32cube.ide.mcu.externaltools.gnu-tools-for-stm32.7-2018-q2-update.win32_1.5.0.202011040924/tools/bin/../lib/gcc/arm-none-eabi/7.3.1/../../../../arm-none-eabi/lib/thumb/v7-m\libc_nano.a(lib_a-findfp.o)
 .text._cleanup_r
                0x0000000008007fc4        0xc c:/st/stm32cubeide_1.5.0/stm32cubeide/plugins/com.st.stm32cube.ide.mcu.externaltools.gnu-tools-for-stm32.7-2018-q2-update.win32_1.5.0.202011040924/tools/bin/../lib/gcc/arm-none-eabi/7.3.1/../../../../arm-none-eabi/lib/thumb/v7-m\libc_nano.a(lib_a-findfp.o)
                0x0000000008007fc4                _cleanup_r
 .text.__sfmoreglue
                0x0000000008007fd0       0x2c c:/st/stm32cubeide_1.5.0/stm32cubeide/plugins/com.st.stm32cube.ide.mcu.externaltools.gnu-tools-for-stm32.7-2018-q2-update.win32_1.5.0.202011040924/tools/bin/../lib/gcc/arm-none-eabi/7.3.1/../../../../arm-none-eabi/lib/thumb/v7-m\libc_nano.a(lib_a-findfp.o)
                0x0000000008007fd0                __sfmoreglue
 .text.__sinit  0x0000000008007ffc       0x60 c:/st/stm32cubeide_1.5.0/stm32cubeide/plugins/com.st.stm32cube.ide.mcu.externaltools.gnu-tools-for-stm32.7-2018-q2-update.win32_1.5.0.202011040924/tools/bin/../lib/gcc/arm-none-eabi/7.3.1/../../../../arm-none-eabi/lib/thumb/v7-m\libc_nano.a(lib_a-findfp.o)
                0x0000000008007ffc                __sinit
 .text.__sfp    0x000000000800805c       0x78 c:/st/stm32cubeide_1.5.0/stm32cubeide/plugins/com.st.stm32cube.ide.mcu.externaltools.gnu-tools-for-stm32.7-2018-q2-update.win32_1.5.0.202011040924/tools/bin/../lib/gcc/arm-none-eabi/7.3.1/../../../../arm-none-eabi/lib/thumb/v7-m\libc_nano.a(lib_a-findfp.o)
                0x000000000800805c                __sfp
 .text._fwalk_reent
                0x00000000080080d4       0x3c c:/st/stm32cubeide_1.5.0/stm32cubeide/plugins/com.st.stm32cube.ide.mcu.externaltools.gnu-tools-for-stm32.7-2018-q2-update.win32_1.5.0.202011040924/tools/bin/../lib/gcc/arm-none-eabi/7.3.1/../../../../arm-none-eabi/lib/thumb/v7-m\libc_nano.a(lib_a-fwalk.o)
                0x00000000080080d4                _fwalk_reent
 .text.__libc_init_array
                0x0000000008008110       0x48 c:/st/stm32cubeide_1.5.0/stm32cubeide/plugins/com.st.stm32cube.ide.mcu.externaltools.gnu-tools-for-stm32.7-2018-q2-update.win32_1.5.0.202011040924/tools/bin/../lib/gcc/arm-none-eabi/7.3.1/../../../../arm-none-eabi/lib/thumb/v7-m\libc_nano.a(lib_a-init.o)
                0x0000000008008110                __libc_init_array
 .text.memset   0x0000000008008158       0x10 c:/st/stm32cubeide_1.5.0/stm32cubeide/plugins/com.st.stm32cube.ide.mcu.externaltools.gnu-tools-for-stm32.7-2018-q2-update.win32_1.5.0.202011040924/tools/bin/../lib/gcc/arm-none-eabi/7.3.1/../../../../arm-none-eabi/lib/thumb/v7-m\libc_nano.a(lib_a-memset.o)
                0x0000000008008158                memset
 .text._free_r  0x0000000008008168       0x98 c:/st/stm32cubeide_1.5.0/stm32cubeide/plugins/com.st.stm32cube.ide.mcu.externaltools.gnu-tools-for-stm32.7-2018-q2-update.win32_1.5.0.202011040924/tools/bin/../lib/gcc/arm-none-eabi/7.3.1/../../../../arm-none-eabi/lib/thumb/v7-m\libc_nano.a(lib_a-nano-freer.o)
                0x0000000008008168                _free_r
 .text._malloc_r
                0x0000000008008200       0xb4 c:/st/stm32cubeide_1.5.0/stm32cubeide/plugins/com.st.stm32cube.ide.mcu.externaltools.gnu-tools-for-stm32.7-2018-q2-update.win32_1.5.0.202011040924/tools/bin/../lib/gcc/arm-none-eabi/7.3.1/../../../../arm-none-eabi/lib/thumb/v7-m\libc_nano.a(lib_a-nano-mallocr.o)
                0x0000000008008200                _malloc_r
 .text.printf   0x00000000080082b4       0x30 c:/st/stm32cubeide_1.5.0/stm32cubeide/plugins/com.st.stm32cube.ide.mcu.externaltools.gnu-tools-for-stm32.7-2018-q2-update.win32_1.5.0.202011040924/tools/bin/../lib/gcc/arm-none-eabi/7.3.1/../../../../arm-none-eabi/lib/thumb/v7-m\libc_nano.a(lib_a-printf.o)
                0x00000000080082b4                iprintf
                0x00000000080082b4                printf
 .text._sbrk_r  0x00000000080082e4       0x20 c:/st/stm32cubeide_1.5.0/stm32cubeide/plugins/com.st.stm32cube.ide.mcu.externaltools.gnu-tools-for-stm32.7-2018-q2-update.win32_1.5.0.202011040924/tools/bin/../lib/gcc/arm-none-eabi/7.3.1/../../../../arm-none-eabi/lib/thumb/v7-m\libc_nano.a(lib_a-sbrkr.o)
                0x00000000080082e4                _sbrk_r
 .text.sprintf  0x0000000008008304       0x40 c:/st/stm32cubeide_1.5.0/stm32cubeide/plugins/com.st.stm32cube.ide.mcu.externaltools.gnu-tools-for-stm32.7-2018-q2-update.win32_1.5.0.202011040924/tools/bin/../lib/gcc/arm-none-eabi/7.3.1/../../../../arm-none-eabi/lib/thumb/v7-m\libc_nano.a(lib_a-sprintf.o)
                0x0000000008008304                siprintf
                0x0000000008008304                sprintf
 .text.__sread  0x0000000008008344       0x22 c:/st/stm32cubeide_1.5.0/stm32cubeide/plugins/com.st.stm32cube.ide.mcu.externaltools.gnu-tools-for-stm32.7-2018-q2-update.win32_1.5.0.202011040924/tools/bin/../lib/gcc/arm-none-eabi/7.3.1/../../../../arm-none-eabi/lib/thumb/v7-m\libc_nano.a(lib_a-stdio.o)
                0x0000000008008344                __sread
 .text.__swrite
                0x0000000008008366       0x38 c:/st/stm32cubeide_1.5.0/stm32cubeide/plugins/com.st.stm32cube.ide.mcu.externaltools.gnu-tools-for-stm32.7-2018-q2-update.win32_1.5.0.202011040924/tools/bin/../lib/gcc/arm-none-eabi/7.3.1/../../../../arm-none-eabi/lib/thumb/v7-m\libc_nano.a(lib_a-stdio.o)
                0x0000000008008366                __swrite
 .text.__sseek  0x000000000800839e       0x24 c:/st/stm32cubeide_1.5.0/stm32cubeide/plugins/com.st.stm32cube.ide.mcu.externaltools.gnu-tools-for-stm32.7-2018-q2-update.win32_1.5.0.202011040924/tools/bin/../lib/gcc/arm-none-eabi/7.3.1/../../../../arm-none-eabi/lib/thumb/v7-m\libc_nano.a(lib_a-stdio.o)
                0x000000000800839e                __sseek
 .text.__sclose
                0x00000000080083c2        0x8 c:/st/stm32cubeide_1.5.0/stm32cubeide/plugins/com.st.stm32cube.ide.mcu.externaltools.gnu-tools-for-stm32.7-2018-q2-update.win32_1.5.0.202011040924/tools/bin/../lib/gcc/arm-none-eabi/7.3.1/../../../../arm-none-eabi/lib/thumb/v7-m\libc_nano.a(lib_a-stdio.o)
                0x00000000080083c2                __sclose
 *fill*         0x00000000080083ca        0x2 
 .text._write_r
                0x00000000080083cc       0x24 c:/st/stm32cubeide_1.5.0/stm32cubeide/plugins/com.st.stm32cube.ide.mcu.externaltools.gnu-tools-for-stm32.7-2018-q2-update.win32_1.5.0.202011040924/tools/bin/../lib/gcc/arm-none-eabi/7.3.1/../../../../arm-none-eabi/lib/thumb/v7-m\libc_nano.a(lib_a-writer.o)
                0x00000000080083cc                _write_r
 .text._close_r
                0x00000000080083f0       0x20 c:/st/stm32cubeide_1.5.0/stm32cubeide/plugins/com.st.stm32cube.ide.mcu.externaltools.gnu-tools-for-stm32.7-2018-q2-update.win32_1.5.0.202011040924/tools/bin/../lib/gcc/arm-none-eabi/7.3.1/../../../../arm-none-eabi/lib/thumb/v7-m\libc_nano.a(lib_a-closer.o)
                0x00000000080083f0                _close_r
 .text._lseek_r
                0x0000000008008410       0x24 c:/st/stm32cubeide_1.5.0/stm32cubeide/plugins/com.st.stm32cube.ide.mcu.externaltools.gnu-tools-for-stm32.7-2018-q2-update.win32_1.5.0.202011040924/tools/bin/../lib/gcc/arm-none-eabi/7.3.1/../../../../arm-none-eabi/lib/thumb/v7-m\libc_nano.a(lib_a-lseekr.o)
                0x0000000008008410                _lseek_r
 .text.__malloc_lock
                0x0000000008008434        0x2 c:/st/stm32cubeide_1.5.0/stm32cubeide/plugins/com.st.stm32cube.ide.mcu.externaltools.gnu-tools-for-stm32.7-2018-q2-update.win32_1.5.0.202011040924/tools/bin/../lib/gcc/arm-none-eabi/7.3.1/../../../../arm-none-eabi/lib/thumb/v7-m\libc_nano.a(lib_a-mlock.o)
                0x0000000008008434                __malloc_lock
 .text.__malloc_unlock
                0x0000000008008436        0x2 c:/st/stm32cubeide_1.5.0/stm32cubeide/plugins/com.st.stm32cube.ide.mcu.externaltools.gnu-tools-for-stm32.7-2018-q2-update.win32_1.5.0.202011040924/tools/bin/../lib/gcc/arm-none-eabi/7.3.1/../../../../arm-none-eabi/lib/thumb/v7-m\libc_nano.a(lib_a-mlock.o)
                0x0000000008008436                __malloc_unlock
 .text.__ssputs_r
                0x0000000008008438       0xb4 c:/st/stm32cubeide_1.5.0/stm32cubeide/plugins/com.st.stm32cube.ide.mcu.externaltools.gnu-tools-for-stm32.7-2018-q2-update.win32_1.5.0.202011040924/tools/bin/../lib/gcc/arm-none-eabi/7.3.1/../../../../arm-none-eabi/lib/thumb/v7-m\libc_nano.a(lib_a-nano-svfprintf.o)
                0x0000000008008438                __ssputs_r
 .text._svfprintf_r
                0x00000000080084ec      0x1f0 c:/st/stm32cubeide_1.5.0/stm32cubeide/plugins/com.st.stm32cube.ide.mcu.externaltools.gnu-tools-for-stm32.7-2018-q2-update.win32_1.5.0.202011040924/tools/bin/../lib/gcc/arm-none-eabi/7.3.1/../../../../arm-none-eabi/lib/thumb/v7-m\libc_nano.a(lib_a-nano-svfprintf.o)
                0x00000000080084ec                _svfiprintf_r
                0x00000000080084ec                _svfprintf_r
 .text.__sfputc_r
                0x00000000080086dc       0x2a c:/st/stm32cubeide_1.5.0/stm32cubeide/plugins/com.st.stm32cube.ide.mcu.externaltools.gnu-tools-for-stm32.7-2018-q2-update.win32_1.5.0.202011040924/tools/bin/../lib/gcc/arm-none-eabi/7.3.1/../../../../arm-none-eabi/lib/thumb/v7-m\libc_nano.a(lib_a-nano-vfprintf.o)
 .text.__sfputs_r
                0x0000000008008706       0x24 c:/st/stm32cubeide_1.5.0/stm32cubeide/plugins/com.st.stm32cube.ide.mcu.externaltools.gnu-tools-for-stm32.7-2018-q2-update.win32_1.5.0.202011040924/tools/bin/../lib/gcc/arm-none-eabi/7.3.1/../../../../arm-none-eabi/lib/thumb/v7-m\libc_nano.a(lib_a-nano-vfprintf.o)
                0x0000000008008706                __sfputs_r
 *fill*         0x000000000800872a        0x2 
 .text._vfprintf_r
                0x000000000800872c      0x22c c:/st/stm32cubeide_1.5.0/stm32cubeide/plugins/com.st.stm32cube.ide.mcu.externaltools.gnu-tools-for-stm32.7-2018-q2-update.win32_1.5.0.202011040924/tools/bin/../lib/gcc/arm-none-eabi/7.3.1/../../../../arm-none-eabi/lib/thumb/v7-m\libc_nano.a(lib_a-nano-vfprintf.o)
                0x000000000800872c                _vfprintf_r
                0x000000000800872c                _vfiprintf_r
 .text._printf_common
                0x0000000008008958       0xec c:/st/stm32cubeide_1.5.0/stm32cubeide/plugins/com.st.stm32cube.ide.mcu.externaltools.gnu-tools-for-stm32.7-2018-q2-update.win32_1.5.0.202011040924/tools/bin/../lib/gcc/arm-none-eabi/7.3.1/../../../../arm-none-eabi/lib/thumb/v7-m\libc_nano.a(lib_a-nano-vfprintf_i.o)
                0x0000000008008958                _printf_common
 .text._printf_i
                0x0000000008008a44      0x224 c:/st/stm32cubeide_1.5.0/stm32cubeide/plugins/com.st.stm32cube.ide.mcu.externaltools.gnu-tools-for-stm32.7-2018-q2-update.win32_1.5.0.202011040924/tools/bin/../lib/gcc/arm-none-eabi/7.3.1/../../../../arm-none-eabi/lib/thumb/v7-m\libc_nano.a(lib_a-nano-vfprintf_i.o)
                0x0000000008008a44                _printf_i
 .text._read_r  0x0000000008008c68       0x24 c:/st/stm32cubeide_1.5.0/stm32cubeide/plugins/com.st.stm32cube.ide.mcu.externaltools.gnu-tools-for-stm32.7-2018-q2-update.win32_1.5.0.202011040924/tools/bin/../lib/gcc/arm-none-eabi/7.3.1/../../../../arm-none-eabi/lib/thumb/v7-m\libc_nano.a(lib_a-readr.o)
                0x0000000008008c68                _read_r
 .text.__swbuf_r
                0x0000000008008c8c       0xa4 c:/st/stm32cubeide_1.5.0/stm32cubeide/plugins/com.st.stm32cube.ide.mcu.externaltools.gnu-tools-for-stm32.7-2018-q2-update.win32_1.5.0.202011040924/tools/bin/../lib/gcc/arm-none-eabi/7.3.1/../../../../arm-none-eabi/lib/thumb/v7-m\libc_nano.a(lib_a-wbuf.o)
                0x0000000008008c8c                __swbuf_r
 .text.__swsetup_r
                0x0000000008008d30       0xdc c:/st/stm32cubeide_1.5.0/stm32cubeide/plugins/com.st.stm32cube.ide.mcu.externaltools.gnu-tools-for-stm32.7-2018-q2-update.win32_1.5.0.202011040924/tools/bin/../lib/gcc/arm-none-eabi/7.3.1/../../../../arm-none-eabi/lib/thumb/v7-m\libc_nano.a(lib_a-wsetup.o)
                0x0000000008008d30                __swsetup_r
 .text.__swhatbuf_r
                0x0000000008008e0c       0x48 c:/st/stm32cubeide_1.5.0/stm32cubeide/plugins/com.st.stm32cube.ide.mcu.externaltools.gnu-tools-for-stm32.7-2018-q2-update.win32_1.5.0.202011040924/tools/bin/../lib/gcc/arm-none-eabi/7.3.1/../../../../arm-none-eabi/lib/thumb/v7-m\libc_nano.a(lib_a-makebuf.o)
                0x0000000008008e0c                __swhatbuf_r
 .text.__smakebuf_r
                0x0000000008008e54       0x80 c:/st/stm32cubeide_1.5.0/stm32cubeide/plugins/com.st.stm32cube.ide.mcu.externaltools.gnu-tools-for-stm32.7-2018-q2-update.win32_1.5.0.202011040924/tools/bin/../lib/gcc/arm-none-eabi/7.3.1/../../../../arm-none-eabi/lib/thumb/v7-m\libc_nano.a(lib_a-makebuf.o)
                0x0000000008008e54                __smakebuf_r
 .text.memchr   0x0000000008008ed4       0x1c c:/st/stm32cubeide_1.5.0/stm32cubeide/plugins/com.st.stm32cube.ide.mcu.externaltools.gnu-tools-for-stm32.7-2018-q2-update.win32_1.5.0.202011040924/tools/bin/../lib/gcc/arm-none-eabi/7.3.1/../../../../arm-none-eabi/lib/thumb/v7-m\libc_nano.a(lib_a-memchr-stub.o)
                0x0000000008008ed4                memchr
 .text.memcpy   0x0000000008008ef0       0x16 c:/st/stm32cubeide_1.5.0/stm32cubeide/plugins/com.st.stm32cube.ide.mcu.externaltools.gnu-tools-for-stm32.7-2018-q2-update.win32_1.5.0.202011040924/tools/bin/../lib/gcc/arm-none-eabi/7.3.1/../../../../arm-none-eabi/lib/thumb/v7-m\libc_nano.a(lib_a-memcpy-stub.o)
                0x0000000008008ef0                memcpy
 .text.memmove  0x0000000008008f06       0x32 c:/st/stm32cubeide_1.5.0/stm32cubeide/plugins/com.st.stm32cube.ide.mcu.externaltools.gnu-tools-for-stm32.7-2018-q2-update.win32_1.5.0.202011040924/tools/bin/../lib/gcc/arm-none-eabi/7.3.1/../../../../arm-none-eabi/lib/thumb/v7-m\libc_nano.a(lib_a-memmove.o)
                0x0000000008008f06                memmove
 .text._realloc_r
                0x0000000008008f38       0x4c c:/st/stm32cubeide_1.5.0/stm32cubeide/plugins/com.st.stm32cube.ide.mcu.externaltools.gnu-tools-for-stm32.7-2018-q2-update.win32_1.5.0.202011040924/tools/bin/../lib/gcc/arm-none-eabi/7.3.1/../../../../arm-none-eabi/lib/thumb/v7-m\libc_nano.a(lib_a-nano-reallocr.o)
                0x0000000008008f38                _realloc_r
 .text._fstat_r
                0x0000000008008f84       0x24 c:/st/stm32cubeide_1.5.0/stm32cubeide/plugins/com.st.stm32cube.ide.mcu.externaltools.gnu-tools-for-stm32.7-2018-q2-update.win32_1.5.0.202011040924/tools/bin/../lib/gcc/arm-none-eabi/7.3.1/../../../../arm-none-eabi/lib/thumb/v7-m\libc_nano.a(lib_a-fstatr.o)
                0x0000000008008f84                _fstat_r
 .text._isatty_r
                0x0000000008008fa8       0x20 c:/st/stm32cubeide_1.5.0/stm32cubeide/plugins/com.st.stm32cube.ide.mcu.externaltools.gnu-tools-for-stm32.7-2018-q2-update.win32_1.5.0.202011040924/tools/bin/../lib/gcc/arm-none-eabi/7.3.1/../../../../arm-none-eabi/lib/thumb/v7-m\libc_nano.a(lib_a-isattyr.o)
                0x0000000008008fa8                _isatty_r
 .text._malloc_usable_size_r
                0x0000000008008fc8       0x10 c:/st/stm32cubeide_1.5.0/stm32cubeide/plugins/com.st.stm32cube.ide.mcu.externaltools.gnu-tools-for-stm32.7-2018-q2-update.win32_1.5.0.202011040924/tools/bin/../lib/gcc/arm-none-eabi/7.3.1/../../../../arm-none-eabi/lib/thumb/v7-m\libc_nano.a(lib_a-nano-msizer.o)
                0x0000000008008fc8                _malloc_usable_size_r
 *(.glue_7)
 .glue_7        0x0000000008008fd8        0x0 linker stubs
 *(.glue_7t)
 .glue_7t       0x0000000008008fd8        0x0 linker stubs
 *(.eh_frame)
 .eh_frame      0x0000000008008fd8        0x0 c:/st/stm32cubeide_1.5.0/stm32cubeide/plugins/com.st.stm32cube.ide.mcu.externaltools.gnu-tools-for-stm32.7-2018-q2-update.win32_1.5.0.202011040924/tools/bin/../lib/gcc/arm-none-eabi/7.3.1/thumb/v7-m/crtbegin.o
 *(.init)
 .init          0x0000000008008fd8        0x4 c:/st/stm32cubeide_1.5.0/stm32cubeide/plugins/com.st.stm32cube.ide.mcu.externaltools.gnu-tools-for-stm32.7-2018-q2-update.win32_1.5.0.202011040924/tools/bin/../lib/gcc/arm-none-eabi/7.3.1/thumb/v7-m/crti.o
                0x0000000008008fd8                _init
 .init          0x0000000008008fdc        0x8 c:/st/stm32cubeide_1.5.0/stm32cubeide/plugins/com.st.stm32cube.ide.mcu.externaltools.gnu-tools-for-stm32.7-2018-q2-update.win32_1.5.0.202011040924/tools/bin/../lib/gcc/arm-none-eabi/7.3.1/thumb/v7-m/crtn.o
 *(.fini)
 .fini          0x0000000008008fe4        0x4 c:/st/stm32cubeide_1.5.0/stm32cubeide/plugins/com.st.stm32cube.ide.mcu.externaltools.gnu-tools-for-stm32.7-2018-q2-update.win32_1.5.0.202011040924/tools/bin/../lib/gcc/arm-none-eabi/7.3.1/thumb/v7-m/crti.o
                0x0000000008008fe4                _fini
 .fini          0x0000000008008fe8        0x8 c:/st/stm32cubeide_1.5.0/stm32cubeide/plugins/com.st.stm32cube.ide.mcu.externaltools.gnu-tools-for-stm32.7-2018-q2-update.win32_1.5.0.202011040924/tools/bin/../lib/gcc/arm-none-eabi/7.3.1/thumb/v7-m/crtn.o
                0x0000000008008ff0                . = ALIGN (0x4)
                0x0000000008008ff0                _etext = .

.vfp11_veneer   0x0000000008008ff0        0x0
 .vfp11_veneer  0x0000000008008ff0        0x0 linker stubs

.v4_bx          0x0000000008008ff0        0x0
 .v4_bx         0x0000000008008ff0        0x0 linker stubs

.iplt           0x0000000008008ff0        0x0
 .iplt          0x0000000008008ff0        0x0 c:/st/stm32cubeide_1.5.0/stm32cubeide/plugins/com.st.stm32cube.ide.mcu.externaltools.gnu-tools-for-stm32.7-2018-q2-update.win32_1.5.0.202011040924/tools/bin/../lib/gcc/arm-none-eabi/7.3.1/thumb/v7-m/crtbegin.o

.rodata         0x0000000008008ff0      0x69c
                0x0000000008008ff0                . = ALIGN (0x4)
 *(.rodata)
 .rodata        0x0000000008008ff0       0x3d Core/Src/main.o
 *fill*         0x000000000800902d        0x3 
 .rodata        0x0000000008009030       0x12 Drivers/STM32F1xx_HAL_Driver/Src/stm32f1xx_hal_rcc.o
 *fill*         0x0000000008009042        0x2 
 .rodata        0x0000000008009044       0x48 Middlewares/Third_Party/FatFs/src/ff.o
 *(.rodata*)
 .rodata.AHBPrescTable
                0x000000000800908c       0x10 Core/Src/system_stm32f1xx.o
                0x000000000800908c                AHBPrescTable
 .rodata.APBPrescTable
                0x000000000800909c        0x8 Core/Src/system_stm32f1xx.o
                0x000000000800909c                APBPrescTable
 .rodata.ExCvt  0x00000000080090a4       0x80 Middlewares/Third_Party/FatFs/src/ff.o
 .rodata.LfnOfs
                0x0000000008009124        0xd Middlewares/Third_Party/FatFs/src/ff.o
 *fill*         0x0000000008009131        0x3 
 .rodata.Tbl    0x0000000008009134      0x100 Middlewares/Third_Party/FatFs/src/option/ccsbcs.o
 .rodata.tbl_lower.6528
                0x0000000008009234      0x1e0 Middlewares/Third_Party/FatFs/src/option/ccsbcs.o
 .rodata.tbl_upper.6529
                0x0000000008009414      0x1e0 Middlewares/Third_Party/FatFs/src/option/ccsbcs.o
 .rodata.__sf_fake_stderr
                0x00000000080095f4       0x20 c:/st/stm32cubeide_1.5.0/stm32cubeide/plugins/com.st.stm32cube.ide.mcu.externaltools.gnu-tools-for-stm32.7-2018-q2-update.win32_1.5.0.202011040924/tools/bin/../lib/gcc/arm-none-eabi/7.3.1/../../../../arm-none-eabi/lib/thumb/v7-m\libc_nano.a(lib_a-findfp.o)
                0x00000000080095f4                __sf_fake_stderr
 .rodata.__sf_fake_stdin
                0x0000000008009614       0x20 c:/st/stm32cubeide_1.5.0/stm32cubeide/plugins/com.st.stm32cube.ide.mcu.externaltools.gnu-tools-for-stm32.7-2018-q2-update.win32_1.5.0.202011040924/tools/bin/../lib/gcc/arm-none-eabi/7.3.1/../../../../arm-none-eabi/lib/thumb/v7-m\libc_nano.a(lib_a-findfp.o)
                0x0000000008009614                __sf_fake_stdin
 .rodata.__sf_fake_stdout
                0x0000000008009634       0x20 c:/st/stm32cubeide_1.5.0/stm32cubeide/plugins/com.st.stm32cube.ide.mcu.externaltools.gnu-tools-for-stm32.7-2018-q2-update.win32_1.5.0.202011040924/tools/bin/../lib/gcc/arm-none-eabi/7.3.1/../../../../arm-none-eabi/lib/thumb/v7-m\libc_nano.a(lib_a-findfp.o)
                0x0000000008009634                __sf_fake_stdout
 .rodata._global_impure_ptr
                0x0000000008009654        0x4 c:/st/stm32cubeide_1.5.0/stm32cubeide/plugins/com.st.stm32cube.ide.mcu.externaltools.gnu-tools-for-stm32.7-2018-q2-update.win32_1.5.0.202011040924/tools/bin/../lib/gcc/arm-none-eabi/7.3.1/../../../../arm-none-eabi/lib/thumb/v7-m\libc_nano.a(lib_a-impure.o)
                0x0000000008009654                _global_impure_ptr
 .rodata._svfprintf_r.str1.1
                0x0000000008009658       0x11 c:/st/stm32cubeide_1.5.0/stm32cubeide/plugins/com.st.stm32cube.ide.mcu.externaltools.gnu-tools-for-stm32.7-2018-q2-update.win32_1.5.0.202011040924/tools/bin/../lib/gcc/arm-none-eabi/7.3.1/../../../../arm-none-eabi/lib/thumb/v7-m\libc_nano.a(lib_a-nano-svfprintf.o)
 .rodata._vfprintf_r.str1.1
                0x0000000008009669       0x11 c:/st/stm32cubeide_1.5.0/stm32cubeide/plugins/com.st.stm32cube.ide.mcu.externaltools.gnu-tools-for-stm32.7-2018-q2-update.win32_1.5.0.202011040924/tools/bin/../lib/gcc/arm-none-eabi/7.3.1/../../../../arm-none-eabi/lib/thumb/v7-m\libc_nano.a(lib_a-nano-vfprintf.o)
 .rodata._printf_i.str1.1
                0x0000000008009669       0x22 c:/st/stm32cubeide_1.5.0/stm32cubeide/plugins/com.st.stm32cube.ide.mcu.externaltools.gnu-tools-for-stm32.7-2018-q2-update.win32_1.5.0.202011040924/tools/bin/../lib/gcc/arm-none-eabi/7.3.1/../../../../arm-none-eabi/lib/thumb/v7-m\libc_nano.a(lib_a-nano-vfprintf_i.o)
                0x000000000800968c                . = ALIGN (0x4)
 *fill*         0x000000000800968b        0x1 

.rel.dyn        0x000000000800968c        0x0
 .rel.iplt      0x000000000800968c        0x0 c:/st/stm32cubeide_1.5.0/stm32cubeide/plugins/com.st.stm32cube.ide.mcu.externaltools.gnu-tools-for-stm32.7-2018-q2-update.win32_1.5.0.202011040924/tools/bin/../lib/gcc/arm-none-eabi/7.3.1/thumb/v7-m/crtbegin.o

.ARM.extab      0x000000000800968c        0x0
                0x000000000800968c                . = ALIGN (0x4)
 *(.ARM.extab* .gnu.linkonce.armextab.*)
                0x000000000800968c                . = ALIGN (0x4)

.ARM            0x000000000800968c        0x0
                0x000000000800968c                . = ALIGN (0x4)
                0x000000000800968c                __exidx_start = .
 *(.ARM.exidx*)
                0x000000000800968c                __exidx_end = .
                0x000000000800968c                . = ALIGN (0x4)

.preinit_array  0x000000000800968c        0x0
                0x000000000800968c                . = ALIGN (0x4)
                0x000000000800968c                PROVIDE (__preinit_array_start = .)
 *(.preinit_array*)
                0x000000000800968c                PROVIDE (__preinit_array_end = .)
                0x000000000800968c                . = ALIGN (0x4)

.init_array     0x000000000800968c        0x4
                0x000000000800968c                . = ALIGN (0x4)
                0x000000000800968c                PROVIDE (__init_array_start = .)
 *(SORT_BY_NAME(.init_array.*))
 *(.init_array*)
 .init_array    0x000000000800968c        0x4 c:/st/stm32cubeide_1.5.0/stm32cubeide/plugins/com.st.stm32cube.ide.mcu.externaltools.gnu-tools-for-stm32.7-2018-q2-update.win32_1.5.0.202011040924/tools/bin/../lib/gcc/arm-none-eabi/7.3.1/thumb/v7-m/crtbegin.o
                0x0000000008009690                PROVIDE (__init_array_end = .)
                0x0000000008009690                . = ALIGN (0x4)

.fini_array     0x0000000008009690        0x4
                0x0000000008009690                . = ALIGN (0x4)
                [!provide]                        PROVIDE (__fini_array_start = .)
 *(SORT_BY_NAME(.fini_array.*))
 *(.fini_array*)
 .fini_array    0x0000000008009690        0x4 c:/st/stm32cubeide_1.5.0/stm32cubeide/plugins/com.st.stm32cube.ide.mcu.externaltools.gnu-tools-for-stm32.7-2018-q2-update.win32_1.5.0.202011040924/tools/bin/../lib/gcc/arm-none-eabi/7.3.1/thumb/v7-m/crtbegin.o
                [!provide]                        PROVIDE (__fini_array_end = .)
                0x0000000008009694                . = ALIGN (0x4)
                0x0000000008009694                _sidata = LOADADDR (.data)

.data           0x0000000020000000       0x88 load address 0x0000000008009694
                0x0000000020000000                . = ALIGN (0x4)
                0x0000000020000000                _sdata = .
 *(.data)
 *(.data*)
 .data.Stat     0x0000000020000000        0x1 Core/Src/fatfs_sd.o
 *fill*         0x0000000020000001        0x3 
 .data.SystemCoreClock
                0x0000000020000004        0x4 Core/Src/system_stm32f1xx.o
                0x0000000020000004                SystemCoreClock
 .data.USER_Driver
                0x0000000020000008       0x14 Core/Src/user_diskio.o
                0x0000000020000008                USER_Driver
 .data.uwTickPrio
                0x000000002000001c        0x4 Drivers/STM32F1xx_HAL_Driver/Src/stm32f1xx_hal.o
                0x000000002000001c                uwTickPrio
 .data.uwTickFreq
                0x0000000020000020        0x1 Drivers/STM32F1xx_HAL_Driver/Src/stm32f1xx_hal.o
                0x0000000020000020                uwTickFreq
 *fill*         0x0000000020000021        0x3 
 .data._impure_ptr
                0x0000000020000024        0x4 c:/st/stm32cubeide_1.5.0/stm32cubeide/plugins/com.st.stm32cube.ide.mcu.externaltools.gnu-tools-for-stm32.7-2018-q2-update.win32_1.5.0.202011040924/tools/bin/../lib/gcc/arm-none-eabi/7.3.1/../../../../arm-none-eabi/lib/thumb/v7-m\libc_nano.a(lib_a-impure.o)
                0x0000000020000024                _impure_ptr
 .data.impure_data
                0x0000000020000028       0x60 c:/st/stm32cubeide_1.5.0/stm32cubeide/plugins/com.st.stm32cube.ide.mcu.externaltools.gnu-tools-for-stm32.7-2018-q2-update.win32_1.5.0.202011040924/tools/bin/../lib/gcc/arm-none-eabi/7.3.1/../../../../arm-none-eabi/lib/thumb/v7-m\libc_nano.a(lib_a-impure.o)
 *(.RamFunc)
 *(.RamFunc*)
                0x0000000020000088                . = ALIGN (0x4)
                0x0000000020000088                _edata = .

.igot.plt       0x0000000020000088        0x0 load address 0x000000000800971c
 .igot.plt      0x0000000020000088        0x0 c:/st/stm32cubeide_1.5.0/stm32cubeide/plugins/com.st.stm32cube.ide.mcu.externaltools.gnu-tools-for-stm32.7-2018-q2-update.win32_1.5.0.202011040924/tools/bin/../lib/gcc/arm-none-eabi/7.3.1/thumb/v7-m/crtbegin.o
                0x0000000020000088                . = ALIGN (0x4)

.bss            0x0000000020000088     0x4898 load address 0x000000000800971c
                0x0000000020000088                _sbss = .
                0x0000000020000088                __bss_start__ = _sbss
 *(.bss)
 .bss           0x0000000020000088       0x1c c:/st/stm32cubeide_1.5.0/stm32cubeide/plugins/com.st.stm32cube.ide.mcu.externaltools.gnu-tools-for-stm32.7-2018-q2-update.win32_1.5.0.202011040924/tools/bin/../lib/gcc/arm-none-eabi/7.3.1/thumb/v7-m/crtbegin.o
 *(.bss*)
 .bss.CardType  0x00000000200000a4        0x1 Core/Src/fatfs_sd.o
 .bss.PowerFlag
                0x00000000200000a5        0x1 Core/Src/fatfs_sd.o
 .bss.flag      0x00000000200000a6        0x1 Core/Src/main.o
                0x00000000200000a6                flag
 *fill*         0x00000000200000a7        0x1 
 .bss.line      0x00000000200000a8        0x2 Core/Src/main.o
                0x00000000200000a8                line
 *fill*         0x00000000200000aa        0x2 
 .bss.dataCounter
                0x00000000200000ac        0x4 Core/Src/main.o
                0x00000000200000ac                dataCounter
 .bss.FatFsCnt  0x00000000200000b0        0x1 Core/Src/stm32f1xx_it.o
                0x00000000200000b0                FatFsCnt
 *fill*         0x00000000200000b1        0x3 
 .bss.__sbrk_heap_end
                0x00000000200000b4        0x4 Core/Src/sysmem.o
 .bss.FatFs     0x00000000200000b8        0x4 Middlewares/Third_Party/FatFs/src/ff.o
 .bss.Fsid      0x00000000200000bc        0x2 Middlewares/Third_Party/FatFs/src/ff.o
 *fill*         0x00000000200000be        0x2 
 .bss.Files     0x00000000200000c0       0x18 Middlewares/Third_Party/FatFs/src/ff.o
 .bss.LfnBuf    0x00000000200000d8      0x200 Middlewares/Third_Party/FatFs/src/ff.o
 .bss.disk      0x00000000200002d8        0xc Middlewares/Third_Party/FatFs/src/ff_gen_drv.o
                0x00000000200002d8                disk
 .bss.__malloc_free_list
                0x00000000200002e4        0x4 c:/st/stm32cubeide_1.5.0/stm32cubeide/plugins/com.st.stm32cube.ide.mcu.externaltools.gnu-tools-for-stm32.7-2018-q2-update.win32_1.5.0.202011040924/tools/bin/../lib/gcc/arm-none-eabi/7.3.1/../../../../arm-none-eabi/lib/thumb/v7-m\libc_nano.a(lib_a-nano-mallocr.o)
                0x00000000200002e4                __malloc_free_list
 .bss.__malloc_sbrk_start
                0x00000000200002e8        0x4 c:/st/stm32cubeide_1.5.0/stm32cubeide/plugins/com.st.stm32cube.ide.mcu.externaltools.gnu-tools-for-stm32.7-2018-q2-update.win32_1.5.0.202011040924/tools/bin/../lib/gcc/arm-none-eabi/7.3.1/../../../../arm-none-eabi/lib/thumb/v7-m\libc_nano.a(lib_a-nano-mallocr.o)
                0x00000000200002e8                __malloc_sbrk_start
 *(COMMON)
 COMMON         0x00000000200002ec     0x25c4 Core/Src/main.o
                0x00000000200002ec                fre_clust
                0x00000000200002f0                hspi2
                0x0000000020000348                fs
                0x0000000020001378                totalSpace
                0x000000002000137c                htim3
                0x00000000200013c4                hadc1
                0x00000000200013f4                huart1
                0x0000000020001434                hdma_adc1
                0x0000000020001478                freeSpace
                0x000000002000147c                pfs
                0x0000000020001480                adc_buf
                0x0000000020001880                fres
                0x0000000020001884                fil
 COMMON         0x00000000200028b0        0x2 Core/Src/stm32f1xx_it.o
                0x00000000200028b0                Timer2
                0x00000000200028b1                Timer1
 *fill*         0x00000000200028b2        0x2 
 COMMON         0x00000000200028b4        0x4 Drivers/STM32F1xx_HAL_Driver/Src/stm32f1xx_hal.o
                0x00000000200028b4                uwTick
 COMMON         0x00000000200028b8     0x2064 FATFS/App/fatfs.o
                0x00000000200028b8                USERPath
                0x00000000200028bc                retUSER
                0x00000000200028c0                USERFile
                0x00000000200038ec                USERFatFS
 COMMON         0x000000002000491c        0x4 c:/st/stm32cubeide_1.5.0/stm32cubeide/plugins/com.st.stm32cube.ide.mcu.externaltools.gnu-tools-for-stm32.7-2018-q2-update.win32_1.5.0.202011040924/tools/bin/../lib/gcc/arm-none-eabi/7.3.1/../../../../arm-none-eabi/lib/thumb/v7-m\libc_nano.a(lib_a-reent.o)
                0x000000002000491c                errno
                0x0000000020004920                . = ALIGN (0x4)
                0x0000000020004920                _ebss = .
                0x0000000020004920                __bss_end__ = _ebss

._user_heap_stack
                0x0000000020004920      0x600 load address 0x000000000800971c
                0x0000000020004920                . = ALIGN (0x8)
                [!provide]                        PROVIDE (end = .)
                0x0000000020004920                PROVIDE (_end = .)
                0x0000000020004b20                . = (. + _Min_Heap_Size)
 *fill*         0x0000000020004920      0x200 
                0x0000000020004f20                . = (. + _Min_Stack_Size)
 *fill*         0x0000000020004b20      0x400 
                0x0000000020004f20                . = ALIGN (0x8)

/DISCARD/
 libc.a(*)
 libm.a(*)
 libgcc.a(*)

.ARM.attributes
                0x0000000000000000       0x29
 *(.ARM.attributes)
 .ARM.attributes
                0x0000000000000000       0x1d c:/st/stm32cubeide_1.5.0/stm32cubeide/plugins/com.st.stm32cube.ide.mcu.externaltools.gnu-tools-for-stm32.7-2018-q2-update.win32_1.5.0.202011040924/tools/bin/../lib/gcc/arm-none-eabi/7.3.1/thumb/v7-m/crti.o
 .ARM.attributes
                0x000000000000001d       0x2d c:/st/stm32cubeide_1.5.0/stm32cubeide/plugins/com.st.stm32cube.ide.mcu.externaltools.gnu-tools-for-stm32.7-2018-q2-update.win32_1.5.0.202011040924/tools/bin/../lib/gcc/arm-none-eabi/7.3.1/thumb/v7-m/crtbegin.o
 .ARM.attributes
                0x000000000000004a       0x33 Core/Src/fatfs_sd.o
 .ARM.attributes
                0x000000000000007d       0x33 Core/Src/main.o
 .ARM.attributes
                0x00000000000000b0       0x33 Core/Src/stm32f1xx_hal_msp.o
 .ARM.attributes
                0x00000000000000e3       0x33 Core/Src/stm32f1xx_it.o
 .ARM.attributes
                0x0000000000000116       0x33 Core/Src/syscalls.o
 .ARM.attributes
                0x0000000000000149       0x33 Core/Src/sysmem.o
 .ARM.attributes
                0x000000000000017c       0x33 Core/Src/system_stm32f1xx.o
 .ARM.attributes
                0x00000000000001af       0x33 Core/Src/user_diskio.o
 .ARM.attributes
                0x00000000000001e2       0x21 Core/Startup/startup_stm32f103rbtx.o
 .ARM.attributes
                0x0000000000000203       0x33 Drivers/STM32F1xx_HAL_Driver/Src/stm32f1xx_hal.o
 .ARM.attributes
                0x0000000000000236       0x33 Drivers/STM32F1xx_HAL_Driver/Src/stm32f1xx_hal_adc.o
 .ARM.attributes
                0x0000000000000269       0x33 Drivers/STM32F1xx_HAL_Driver/Src/stm32f1xx_hal_cortex.o
 .ARM.attributes
                0x000000000000029c       0x33 Drivers/STM32F1xx_HAL_Driver/Src/stm32f1xx_hal_dma.o
 .ARM.attributes
                0x00000000000002cf       0x33 Drivers/STM32F1xx_HAL_Driver/Src/stm32f1xx_hal_gpio.o
 .ARM.attributes
                0x0000000000000302       0x33 Drivers/STM32F1xx_HAL_Driver/Src/stm32f1xx_hal_rcc.o
 .ARM.attributes
                0x0000000000000335       0x33 Drivers/STM32F1xx_HAL_Driver/Src/stm32f1xx_hal_rcc_ex.o
 .ARM.attributes
                0x0000000000000368       0x33 Drivers/STM32F1xx_HAL_Driver/Src/stm32f1xx_hal_spi.o
 .ARM.attributes
                0x000000000000039b       0x33 Drivers/STM32F1xx_HAL_Driver/Src/stm32f1xx_hal_tim.o
 .ARM.attributes
                0x00000000000003ce       0x33 Drivers/STM32F1xx_HAL_Driver/Src/stm32f1xx_hal_tim_ex.o
 .ARM.attributes
                0x0000000000000401       0x33 Drivers/STM32F1xx_HAL_Driver/Src/stm32f1xx_hal_uart.o
 .ARM.attributes
                0x0000000000000434       0x33 FATFS/App/fatfs.o
 .ARM.attributes
                0x0000000000000467       0x33 Middlewares/Third_Party/FatFs/src/diskio.o
 .ARM.attributes
                0x000000000000049a       0x33 Middlewares/Third_Party/FatFs/src/ff.o
 .ARM.attributes
                0x00000000000004cd       0x33 Middlewares/Third_Party/FatFs/src/ff_gen_drv.o
 .ARM.attributes
                0x0000000000000500       0x33 Middlewares/Third_Party/FatFs/src/option/ccsbcs.o
 .ARM.attributes
                0x0000000000000533       0x2d c:/st/stm32cubeide_1.5.0/stm32cubeide/plugins/com.st.stm32cube.ide.mcu.externaltools.gnu-tools-for-stm32.7-2018-q2-update.win32_1.5.0.202011040924/tools/bin/../lib/gcc/arm-none-eabi/7.3.1/../../../../arm-none-eabi/lib/thumb/v7-m\libc_nano.a(lib_a-errno.o)
 .ARM.attributes
                0x0000000000000560       0x2d c:/st/stm32cubeide_1.5.0/stm32cubeide/plugins/com.st.stm32cube.ide.mcu.externaltools.gnu-tools-for-stm32.7-2018-q2-update.win32_1.5.0.202011040924/tools/bin/../lib/gcc/arm-none-eabi/7.3.1/../../../../arm-none-eabi/lib/thumb/v7-m\libc_nano.a(lib_a-fflush.o)
 .ARM.attributes
                0x000000000000058d       0x2d c:/st/stm32cubeide_1.5.0/stm32cubeide/plugins/com.st.stm32cube.ide.mcu.externaltools.gnu-tools-for-stm32.7-2018-q2-update.win32_1.5.0.202011040924/tools/bin/../lib/gcc/arm-none-eabi/7.3.1/../../../../arm-none-eabi/lib/thumb/v7-m\libc_nano.a(lib_a-findfp.o)
 .ARM.attributes
                0x00000000000005ba       0x2d c:/st/stm32cubeide_1.5.0/stm32cubeide/plugins/com.st.stm32cube.ide.mcu.externaltools.gnu-tools-for-stm32.7-2018-q2-update.win32_1.5.0.202011040924/tools/bin/../lib/gcc/arm-none-eabi/7.3.1/../../../../arm-none-eabi/lib/thumb/v7-m\libc_nano.a(lib_a-fwalk.o)
 .ARM.attributes
                0x00000000000005e7       0x2d c:/st/stm32cubeide_1.5.0/stm32cubeide/plugins/com.st.stm32cube.ide.mcu.externaltools.gnu-tools-for-stm32.7-2018-q2-update.win32_1.5.0.202011040924/tools/bin/../lib/gcc/arm-none-eabi/7.3.1/../../../../arm-none-eabi/lib/thumb/v7-m\libc_nano.a(lib_a-impure.o)
 .ARM.attributes
                0x0000000000000614       0x2d c:/st/stm32cubeide_1.5.0/stm32cubeide/plugins/com.st.stm32cube.ide.mcu.externaltools.gnu-tools-for-stm32.7-2018-q2-update.win32_1.5.0.202011040924/tools/bin/../lib/gcc/arm-none-eabi/7.3.1/../../../../arm-none-eabi/lib/thumb/v7-m\libc_nano.a(lib_a-init.o)
 .ARM.attributes
                0x0000000000000641       0x2d c:/st/stm32cubeide_1.5.0/stm32cubeide/plugins/com.st.stm32cube.ide.mcu.externaltools.gnu-tools-for-stm32.7-2018-q2-update.win32_1.5.0.202011040924/tools/bin/../lib/gcc/arm-none-eabi/7.3.1/../../../../arm-none-eabi/lib/thumb/v7-m\libc_nano.a(lib_a-memset.o)
 .ARM.attributes
                0x000000000000066e       0x2d c:/st/stm32cubeide_1.5.0/stm32cubeide/plugins/com.st.stm32cube.ide.mcu.externaltools.gnu-tools-for-stm32.7-2018-q2-update.win32_1.5.0.202011040924/tools/bin/../lib/gcc/arm-none-eabi/7.3.1/../../../../arm-none-eabi/lib/thumb/v7-m\libc_nano.a(lib_a-nano-freer.o)
 .ARM.attributes
                0x000000000000069b       0x2d c:/st/stm32cubeide_1.5.0/stm32cubeide/plugins/com.st.stm32cube.ide.mcu.externaltools.gnu-tools-for-stm32.7-2018-q2-update.win32_1.5.0.202011040924/tools/bin/../lib/gcc/arm-none-eabi/7.3.1/../../../../arm-none-eabi/lib/thumb/v7-m\libc_nano.a(lib_a-nano-mallocr.o)
 .ARM.attributes
                0x00000000000006c8       0x2d c:/st/stm32cubeide_1.5.0/stm32cubeide/plugins/com.st.stm32cube.ide.mcu.externaltools.gnu-tools-for-stm32.7-2018-q2-update.win32_1.5.0.202011040924/tools/bin/../lib/gcc/arm-none-eabi/7.3.1/../../../../arm-none-eabi/lib/thumb/v7-m\libc_nano.a(lib_a-printf.o)
 .ARM.attributes
                0x00000000000006f5       0x2d c:/st/stm32cubeide_1.5.0/stm32cubeide/plugins/com.st.stm32cube.ide.mcu.externaltools.gnu-tools-for-stm32.7-2018-q2-update.win32_1.5.0.202011040924/tools/bin/../lib/gcc/arm-none-eabi/7.3.1/../../../../arm-none-eabi/lib/thumb/v7-m\libc_nano.a(lib_a-sbrkr.o)
 .ARM.attributes
                0x0000000000000722       0x2d c:/st/stm32cubeide_1.5.0/stm32cubeide/plugins/com.st.stm32cube.ide.mcu.externaltools.gnu-tools-for-stm32.7-2018-q2-update.win32_1.5.0.202011040924/tools/bin/../lib/gcc/arm-none-eabi/7.3.1/../../../../arm-none-eabi/lib/thumb/v7-m\libc_nano.a(lib_a-sprintf.o)
 .ARM.attributes
                0x000000000000074f       0x2d c:/st/stm32cubeide_1.5.0/stm32cubeide/plugins/com.st.stm32cube.ide.mcu.externaltools.gnu-tools-for-stm32.7-2018-q2-update.win32_1.5.0.202011040924/tools/bin/../lib/gcc/arm-none-eabi/7.3.1/../../../../arm-none-eabi/lib/thumb/v7-m\libc_nano.a(lib_a-stdio.o)
 .ARM.attributes
                0x000000000000077c       0x2d c:/st/stm32cubeide_1.5.0/stm32cubeide/plugins/com.st.stm32cube.ide.mcu.externaltools.gnu-tools-for-stm32.7-2018-q2-update.win32_1.5.0.202011040924/tools/bin/../lib/gcc/arm-none-eabi/7.3.1/../../../../arm-none-eabi/lib/thumb/v7-m\libc_nano.a(lib_a-writer.o)
 .ARM.attributes
                0x00000000000007a9       0x2d c:/st/stm32cubeide_1.5.0/stm32cubeide/plugins/com.st.stm32cube.ide.mcu.externaltools.gnu-tools-for-stm32.7-2018-q2-update.win32_1.5.0.202011040924/tools/bin/../lib/gcc/arm-none-eabi/7.3.1/../../../../arm-none-eabi/lib/thumb/v7-m\libc_nano.a(lib_a-closer.o)
 .ARM.attributes
                0x00000000000007d6       0x2d c:/st/stm32cubeide_1.5.0/stm32cubeide/plugins/com.st.stm32cube.ide.mcu.externaltools.gnu-tools-for-stm32.7-2018-q2-update.win32_1.5.0.202011040924/tools/bin/../lib/gcc/arm-none-eabi/7.3.1/../../../../arm-none-eabi/lib/thumb/v7-m\libc_nano.a(lib_a-lseekr.o)
 .ARM.attributes
                0x0000000000000803       0x2d c:/st/stm32cubeide_1.5.0/stm32cubeide/plugins/com.st.stm32cube.ide.mcu.externaltools.gnu-tools-for-stm32.7-2018-q2-update.win32_1.5.0.202011040924/tools/bin/../lib/gcc/arm-none-eabi/7.3.1/../../../../arm-none-eabi/lib/thumb/v7-m\libc_nano.a(lib_a-mlock.o)
 .ARM.attributes
                0x0000000000000830       0x2d c:/st/stm32cubeide_1.5.0/stm32cubeide/plugins/com.st.stm32cube.ide.mcu.externaltools.gnu-tools-for-stm32.7-2018-q2-update.win32_1.5.0.202011040924/tools/bin/../lib/gcc/arm-none-eabi/7.3.1/../../../../arm-none-eabi/lib/thumb/v7-m\libc_nano.a(lib_a-nano-svfprintf.o)
 .ARM.attributes
                0x000000000000085d       0x2d c:/st/stm32cubeide_1.5.0/stm32cubeide/plugins/com.st.stm32cube.ide.mcu.externaltools.gnu-tools-for-stm32.7-2018-q2-update.win32_1.5.0.202011040924/tools/bin/../lib/gcc/arm-none-eabi/7.3.1/../../../../arm-none-eabi/lib/thumb/v7-m\libc_nano.a(lib_a-nano-vfprintf.o)
 .ARM.attributes
                0x000000000000088a       0x2d c:/st/stm32cubeide_1.5.0/stm32cubeide/plugins/com.st.stm32cube.ide.mcu.externaltools.gnu-tools-for-stm32.7-2018-q2-update.win32_1.5.0.202011040924/tools/bin/../lib/gcc/arm-none-eabi/7.3.1/../../../../arm-none-eabi/lib/thumb/v7-m\libc_nano.a(lib_a-nano-vfprintf_i.o)
 .ARM.attributes
                0x00000000000008b7       0x2d c:/st/stm32cubeide_1.5.0/stm32cubeide/plugins/com.st.stm32cube.ide.mcu.externaltools.gnu-tools-for-stm32.7-2018-q2-update.win32_1.5.0.202011040924/tools/bin/../lib/gcc/arm-none-eabi/7.3.1/../../../../arm-none-eabi/lib/thumb/v7-m\libc_nano.a(lib_a-readr.o)
 .ARM.attributes
                0x00000000000008e4       0x2d c:/st/stm32cubeide_1.5.0/stm32cubeide/plugins/com.st.stm32cube.ide.mcu.externaltools.gnu-tools-for-stm32.7-2018-q2-update.win32_1.5.0.202011040924/tools/bin/../lib/gcc/arm-none-eabi/7.3.1/../../../../arm-none-eabi/lib/thumb/v7-m\libc_nano.a(lib_a-reent.o)
 .ARM.attributes
                0x0000000000000911       0x2d c:/st/stm32cubeide_1.5.0/stm32cubeide/plugins/com.st.stm32cube.ide.mcu.externaltools.gnu-tools-for-stm32.7-2018-q2-update.win32_1.5.0.202011040924/tools/bin/../lib/gcc/arm-none-eabi/7.3.1/../../../../arm-none-eabi/lib/thumb/v7-m\libc_nano.a(lib_a-wbuf.o)
 .ARM.attributes
                0x000000000000093e       0x2d c:/st/stm32cubeide_1.5.0/stm32cubeide/plugins/com.st.stm32cube.ide.mcu.externaltools.gnu-tools-for-stm32.7-2018-q2-update.win32_1.5.0.202011040924/tools/bin/../lib/gcc/arm-none-eabi/7.3.1/../../../../arm-none-eabi/lib/thumb/v7-m\libc_nano.a(lib_a-wsetup.o)
 .ARM.attributes
                0x000000000000096b       0x2d c:/st/stm32cubeide_1.5.0/stm32cubeide/plugins/com.st.stm32cube.ide.mcu.externaltools.gnu-tools-for-stm32.7-2018-q2-update.win32_1.5.0.202011040924/tools/bin/../lib/gcc/arm-none-eabi/7.3.1/../../../../arm-none-eabi/lib/thumb/v7-m\libc_nano.a(lib_a-makebuf.o)
 .ARM.attributes
                0x0000000000000998       0x2d c:/st/stm32cubeide_1.5.0/stm32cubeide/plugins/com.st.stm32cube.ide.mcu.externaltools.gnu-tools-for-stm32.7-2018-q2-update.win32_1.5.0.202011040924/tools/bin/../lib/gcc/arm-none-eabi/7.3.1/../../../../arm-none-eabi/lib/thumb/v7-m\libc_nano.a(lib_a-memchr-stub.o)
 .ARM.attributes
                0x00000000000009c5       0x2d c:/st/stm32cubeide_1.5.0/stm32cubeide/plugins/com.st.stm32cube.ide.mcu.externaltools.gnu-tools-for-stm32.7-2018-q2-update.win32_1.5.0.202011040924/tools/bin/../lib/gcc/arm-none-eabi/7.3.1/../../../../arm-none-eabi/lib/thumb/v7-m\libc_nano.a(lib_a-memcpy-stub.o)
 .ARM.attributes
                0x00000000000009f2       0x2d c:/st/stm32cubeide_1.5.0/stm32cubeide/plugins/com.st.stm32cube.ide.mcu.externaltools.gnu-tools-for-stm32.7-2018-q2-update.win32_1.5.0.202011040924/tools/bin/../lib/gcc/arm-none-eabi/7.3.1/../../../../arm-none-eabi/lib/thumb/v7-m\libc_nano.a(lib_a-memmove.o)
 .ARM.attributes
                0x0000000000000a1f       0x2d c:/st/stm32cubeide_1.5.0/stm32cubeide/plugins/com.st.stm32cube.ide.mcu.externaltools.gnu-tools-for-stm32.7-2018-q2-update.win32_1.5.0.202011040924/tools/bin/../lib/gcc/arm-none-eabi/7.3.1/../../../../arm-none-eabi/lib/thumb/v7-m\libc_nano.a(lib_a-nano-reallocr.o)
 .ARM.attributes
                0x0000000000000a4c       0x2d c:/st/stm32cubeide_1.5.0/stm32cubeide/plugins/com.st.stm32cube.ide.mcu.externaltools.gnu-tools-for-stm32.7-2018-q2-update.win32_1.5.0.202011040924/tools/bin/../lib/gcc/arm-none-eabi/7.3.1/../../../../arm-none-eabi/lib/thumb/v7-m\libc_nano.a(lib_a-fstatr.o)
 .ARM.attributes
                0x0000000000000a79       0x2d c:/st/stm32cubeide_1.5.0/stm32cubeide/plugins/com.st.stm32cube.ide.mcu.externaltools.gnu-tools-for-stm32.7-2018-q2-update.win32_1.5.0.202011040924/tools/bin/../lib/gcc/arm-none-eabi/7.3.1/../../../../arm-none-eabi/lib/thumb/v7-m\libc_nano.a(lib_a-isattyr.o)
 .ARM.attributes
                0x0000000000000aa6       0x2d c:/st/stm32cubeide_1.5.0/stm32cubeide/plugins/com.st.stm32cube.ide.mcu.externaltools.gnu-tools-for-stm32.7-2018-q2-update.win32_1.5.0.202011040924/tools/bin/../lib/gcc/arm-none-eabi/7.3.1/../../../../arm-none-eabi/lib/thumb/v7-m\libc_nano.a(lib_a-nano-msizer.o)
 .ARM.attributes
                0x0000000000000ad3       0x1d c:/st/stm32cubeide_1.5.0/stm32cubeide/plugins/com.st.stm32cube.ide.mcu.externaltools.gnu-tools-for-stm32.7-2018-q2-update.win32_1.5.0.202011040924/tools/bin/../lib/gcc/arm-none-eabi/7.3.1/thumb/v7-m/crtn.o
OUTPUT(Work_ADC.elf elf32-littlearm)

.debug_info     0x0000000000000000    0x146d2
 .debug_info    0x0000000000000000      0xb8d Core/Src/fatfs_sd.o
 .debug_info    0x0000000000000b8d     0x22ad Core/Src/main.o
 .debug_info    0x0000000000002e3a     0x128a Core/Src/stm32f1xx_hal_msp.o
 .debug_info    0x00000000000040c4      0x7cf Core/Src/stm32f1xx_it.o
 .debug_info    0x0000000000004893      0xebd Core/Src/syscalls.o
 .debug_info    0x0000000000005750      0x985 Core/Src/sysmem.o
 .debug_info    0x00000000000060d5      0x29a Core/Src/system_stm32f1xx.o
 .debug_info    0x000000000000636f     0x109e Core/Src/user_diskio.o
 .debug_info    0x000000000000740d       0x22 Core/Startup/startup_stm32f103rbtx.o
 .debug_info    0x000000000000742f      0x714 Drivers/STM32F1xx_HAL_Driver/Src/stm32f1xx_hal.o
 .debug_info    0x0000000000007b43      0xc6c Drivers/STM32F1xx_HAL_Driver/Src/stm32f1xx_hal_adc.o
 .debug_info    0x00000000000087af      0xb51 Drivers/STM32F1xx_HAL_Driver/Src/stm32f1xx_hal_cortex.o
 .debug_info    0x0000000000009300      0x7b1 Drivers/STM32F1xx_HAL_Driver/Src/stm32f1xx_hal_dma.o
 .debug_info    0x0000000000009ab1      0x69b Drivers/STM32F1xx_HAL_Driver/Src/stm32f1xx_hal_gpio.o
 .debug_info    0x000000000000a14c      0x80f Drivers/STM32F1xx_HAL_Driver/Src/stm32f1xx_hal_rcc.o
 .debug_info    0x000000000000a95b      0x444 Drivers/STM32F1xx_HAL_Driver/Src/stm32f1xx_hal_rcc_ex.o
 .debug_info    0x000000000000ad9f     0x1572 Drivers/STM32F1xx_HAL_Driver/Src/stm32f1xx_hal_spi.o
 .debug_info    0x000000000000c311     0x27ef Drivers/STM32F1xx_HAL_Driver/Src/stm32f1xx_hal_tim.o
 .debug_info    0x000000000000eb00     0x136f Drivers/STM32F1xx_HAL_Driver/Src/stm32f1xx_hal_tim_ex.o
 .debug_info    0x000000000000fe6f     0x121b Drivers/STM32F1xx_HAL_Driver/Src/stm32f1xx_hal_uart.o
 .debug_info    0x000000000001108a      0x5a4 FATFS/App/fatfs.o
 .debug_info    0x000000000001162e      0x4c3 Middlewares/Third_Party/FatFs/src/diskio.o
 .debug_info    0x0000000000011af1     0x2515 Middlewares/Third_Party/FatFs/src/ff.o
 .debug_info    0x0000000000014006      0x461 Middlewares/Third_Party/FatFs/src/ff_gen_drv.o
 .debug_info    0x0000000000014467      0x26b Middlewares/Third_Party/FatFs/src/option/ccsbcs.o

.debug_abbrev   0x0000000000000000     0x2f1e
 .debug_abbrev  0x0000000000000000      0x262 Core/Src/fatfs_sd.o
 .debug_abbrev  0x0000000000000262      0x35c Core/Src/main.o
 .debug_abbrev  0x00000000000005be      0x1de Core/Src/stm32f1xx_hal_msp.o
 .debug_abbrev  0x000000000000079c      0x16b Core/Src/stm32f1xx_it.o
 .debug_abbrev  0x0000000000000907      0x261 Core/Src/syscalls.o
 .debug_abbrev  0x0000000000000b68      0x19b Core/Src/sysmem.o
 .debug_abbrev  0x0000000000000d03      0x134 Core/Src/system_stm32f1xx.o
 .debug_abbrev  0x0000000000000e37      0x1fe Core/Src/user_diskio.o
 .debug_abbrev  0x0000000000001035       0x12 Core/Startup/startup_stm32f103rbtx.o
 .debug_abbrev  0x0000000000001047      0x1c7 Drivers/STM32F1xx_HAL_Driver/Src/stm32f1xx_hal.o
 .debug_abbrev  0x000000000000120e      0x1d5 Drivers/STM32F1xx_HAL_Driver/Src/stm32f1xx_hal_adc.o
 .debug_abbrev  0x00000000000013e3      0x2d5 Drivers/STM32F1xx_HAL_Driver/Src/stm32f1xx_hal_cortex.o
 .debug_abbrev  0x00000000000016b8      0x1fe Drivers/STM32F1xx_HAL_Driver/Src/stm32f1xx_hal_dma.o
 .debug_abbrev  0x00000000000018b6      0x1c0 Drivers/STM32F1xx_HAL_Driver/Src/stm32f1xx_hal_gpio.o
 .debug_abbrev  0x0000000000001a76      0x243 Drivers/STM32F1xx_HAL_Driver/Src/stm32f1xx_hal_rcc.o
 .debug_abbrev  0x0000000000001cb9      0x175 Drivers/STM32F1xx_HAL_Driver/Src/stm32f1xx_hal_rcc_ex.o
 .debug_abbrev  0x0000000000001e2e      0x240 Drivers/STM32F1xx_HAL_Driver/Src/stm32f1xx_hal_spi.o
 .debug_abbrev  0x000000000000206e      0x230 Drivers/STM32F1xx_HAL_Driver/Src/stm32f1xx_hal_tim.o
 .debug_abbrev  0x000000000000229e      0x236 Drivers/STM32F1xx_HAL_Driver/Src/stm32f1xx_hal_tim_ex.o
 .debug_abbrev  0x00000000000024d4      0x242 Drivers/STM32F1xx_HAL_Driver/Src/stm32f1xx_hal_uart.o
 .debug_abbrev  0x0000000000002716      0x17d FATFS/App/fatfs.o
 .debug_abbrev  0x0000000000002893      0x16f Middlewares/Third_Party/FatFs/src/diskio.o
 .debug_abbrev  0x0000000000002a02      0x278 Middlewares/Third_Party/FatFs/src/ff.o
 .debug_abbrev  0x0000000000002c7a      0x19c Middlewares/Third_Party/FatFs/src/ff_gen_drv.o
 .debug_abbrev  0x0000000000002e16      0x108 Middlewares/Third_Party/FatFs/src/option/ccsbcs.o

.debug_aranges  0x0000000000000000     0x1388
 .debug_aranges
                0x0000000000000000       0xa0 Core/Src/fatfs_sd.o
 .debug_aranges
                0x00000000000000a0       0x88 Core/Src/main.o
 .debug_aranges
                0x0000000000000128       0x60 Core/Src/stm32f1xx_hal_msp.o
 .debug_aranges
                0x0000000000000188       0x80 Core/Src/stm32f1xx_it.o
 .debug_aranges
                0x0000000000000208       0xa8 Core/Src/syscalls.o
 .debug_aranges
                0x00000000000002b0       0x20 Core/Src/sysmem.o
 .debug_aranges
                0x00000000000002d0       0x28 Core/Src/system_stm32f1xx.o
 .debug_aranges
                0x00000000000002f8       0x40 Core/Src/user_diskio.o
 .debug_aranges
                0x0000000000000338       0x28 Core/Startup/startup_stm32f103rbtx.o
 .debug_aranges
                0x0000000000000360       0xe0 Drivers/STM32F1xx_HAL_Driver/Src/stm32f1xx_hal.o
 .debug_aranges
                0x0000000000000440       0xf0 Drivers/STM32F1xx_HAL_Driver/Src/stm32f1xx_hal_adc.o
 .debug_aranges
                0x0000000000000530      0x100 Drivers/STM32F1xx_HAL_Driver/Src/stm32f1xx_hal_cortex.o
 .debug_aranges
                0x0000000000000630       0x80 Drivers/STM32F1xx_HAL_Driver/Src/stm32f1xx_hal_dma.o
 .debug_aranges
                0x00000000000006b0       0x58 Drivers/STM32F1xx_HAL_Driver/Src/stm32f1xx_hal_gpio.o
 .debug_aranges
                0x0000000000000708       0x90 Drivers/STM32F1xx_HAL_Driver/Src/stm32f1xx_hal_rcc.o
 .debug_aranges
                0x0000000000000798       0x30 Drivers/STM32F1xx_HAL_Driver/Src/stm32f1xx_hal_rcc_ex.o
 .debug_aranges
                0x00000000000007c8      0x1d0 Drivers/STM32F1xx_HAL_Driver/Src/stm32f1xx_hal_spi.o
 .debug_aranges
                0x0000000000000998      0x3d0 Drivers/STM32F1xx_HAL_Driver/Src/stm32f1xx_hal_tim.o
 .debug_aranges
                0x0000000000000d68      0x168 Drivers/STM32F1xx_HAL_Driver/Src/stm32f1xx_hal_tim_ex.o
 .debug_aranges
                0x0000000000000ed0      0x1d0 Drivers/STM32F1xx_HAL_Driver/Src/stm32f1xx_hal_uart.o
 .debug_aranges
                0x00000000000010a0       0x28 FATFS/App/fatfs.o
 .debug_aranges
                0x00000000000010c8       0x48 Middlewares/Third_Party/FatFs/src/diskio.o
 .debug_aranges
                0x0000000000001110      0x210 Middlewares/Third_Party/FatFs/src/ff.o
 .debug_aranges
                0x0000000000001320       0x40 Middlewares/Third_Party/FatFs/src/ff_gen_drv.o
 .debug_aranges
                0x0000000000001360       0x28 Middlewares/Third_Party/FatFs/src/option/ccsbcs.o

.debug_ranges   0x0000000000000000     0x1200
 .debug_ranges  0x0000000000000000       0x90 Core/Src/fatfs_sd.o
 .debug_ranges  0x0000000000000090       0x78 Core/Src/main.o
 .debug_ranges  0x0000000000000108       0x50 Core/Src/stm32f1xx_hal_msp.o
 .debug_ranges  0x0000000000000158       0x70 Core/Src/stm32f1xx_it.o
 .debug_ranges  0x00000000000001c8       0x98 Core/Src/syscalls.o
 .debug_ranges  0x0000000000000260       0x10 Core/Src/sysmem.o
 .debug_ranges  0x0000000000000270       0x18 Core/Src/system_stm32f1xx.o
 .debug_ranges  0x0000000000000288       0x30 Core/Src/user_diskio.o
 .debug_ranges  0x00000000000002b8       0x20 Core/Startup/startup_stm32f103rbtx.o
 .debug_ranges  0x00000000000002d8       0xd0 Drivers/STM32F1xx_HAL_Driver/Src/stm32f1xx_hal.o
 .debug_ranges  0x00000000000003a8       0xe0 Drivers/STM32F1xx_HAL_Driver/Src/stm32f1xx_hal_adc.o
 .debug_ranges  0x0000000000000488       0xf0 Drivers/STM32F1xx_HAL_Driver/Src/stm32f1xx_hal_cortex.o
 .debug_ranges  0x0000000000000578       0x70 Drivers/STM32F1xx_HAL_Driver/Src/stm32f1xx_hal_dma.o
 .debug_ranges  0x00000000000005e8       0x48 Drivers/STM32F1xx_HAL_Driver/Src/stm32f1xx_hal_gpio.o
 .debug_ranges  0x0000000000000630       0x80 Drivers/STM32F1xx_HAL_Driver/Src/stm32f1xx_hal_rcc.o
 .debug_ranges  0x00000000000006b0       0x20 Drivers/STM32F1xx_HAL_Driver/Src/stm32f1xx_hal_rcc_ex.o
 .debug_ranges  0x00000000000006d0      0x1c0 Drivers/STM32F1xx_HAL_Driver/Src/stm32f1xx_hal_spi.o
 .debug_ranges  0x0000000000000890      0x3c0 Drivers/STM32F1xx_HAL_Driver/Src/stm32f1xx_hal_tim.o
 .debug_ranges  0x0000000000000c50      0x158 Drivers/STM32F1xx_HAL_Driver/Src/stm32f1xx_hal_tim_ex.o
 .debug_ranges  0x0000000000000da8      0x1c0 Drivers/STM32F1xx_HAL_Driver/Src/stm32f1xx_hal_uart.o
 .debug_ranges  0x0000000000000f68       0x18 FATFS/App/fatfs.o
 .debug_ranges  0x0000000000000f80       0x38 Middlewares/Third_Party/FatFs/src/diskio.o
 .debug_ranges  0x0000000000000fb8      0x200 Middlewares/Third_Party/FatFs/src/ff.o
 .debug_ranges  0x00000000000011b8       0x30 Middlewares/Third_Party/FatFs/src/ff_gen_drv.o
 .debug_ranges  0x00000000000011e8       0x18 Middlewares/Third_Party/FatFs/src/option/ccsbcs.o

.debug_macro    0x0000000000000000    0x1ae98
 .debug_macro   0x0000000000000000      0x1f4 Core/Src/fatfs_sd.o
 .debug_macro   0x00000000000001f4      0xa5a Core/Src/fatfs_sd.o
 .debug_macro   0x0000000000000c4e      0x22d Core/Src/fatfs_sd.o
 .debug_macro   0x0000000000000e7b       0x2e Core/Src/fatfs_sd.o
 .debug_macro   0x0000000000000ea9       0x22 Core/Src/fatfs_sd.o
 .debug_macro   0x0000000000000ecb       0x22 Core/Src/fatfs_sd.o
 .debug_macro   0x0000000000000eed       0x8e Core/Src/fatfs_sd.o
 .debug_macro   0x0000000000000f7b       0x51 Core/Src/fatfs_sd.o
 .debug_macro   0x0000000000000fcc       0xef Core/Src/fatfs_sd.o
 .debug_macro   0x00000000000010bb       0x6a Core/Src/fatfs_sd.o
 .debug_macro   0x0000000000001125      0x1df Core/Src/fatfs_sd.o
 .debug_macro   0x0000000000001304       0x1c Core/Src/fatfs_sd.o
 .debug_macro   0x0000000000001320       0x22 Core/Src/fatfs_sd.o
 .debug_macro   0x0000000000001342       0xc3 Core/Src/fatfs_sd.o
 .debug_macro   0x0000000000001405      0xd23 Core/Src/fatfs_sd.o
 .debug_macro   0x0000000000002128     0xe097 Core/Src/fatfs_sd.o
 .debug_macro   0x00000000000101bf       0x43 Core/Src/fatfs_sd.o
 .debug_macro   0x0000000000010202     0x3468 Core/Src/fatfs_sd.o
 .debug_macro   0x000000000001366a      0x174 Core/Src/fatfs_sd.o
 .debug_macro   0x00000000000137de       0x5c Core/Src/fatfs_sd.o
 .debug_macro   0x000000000001383a      0x5be Core/Src/fatfs_sd.o
 .debug_macro   0x0000000000013df8      0x289 Core/Src/fatfs_sd.o
 .debug_macro   0x0000000000014081      0x1cb Core/Src/fatfs_sd.o
 .debug_macro   0x000000000001424c      0x114 Core/Src/fatfs_sd.o
 .debug_macro   0x0000000000014360      0x1b2 Core/Src/fatfs_sd.o
 .debug_macro   0x0000000000014512       0x27 Core/Src/fatfs_sd.o
 .debug_macro   0x0000000000014539      0x136 Core/Src/fatfs_sd.o
 .debug_macro   0x000000000001466f      0x1bc Core/Src/fatfs_sd.o