main.c:93:6:HAL_ADC_ConvHalfCpltCallback	16	static
main.c:98:6:HAL_ADC_ConvCpltCallback	24	static
main.c:112:6:HAL_TIM_PeriodElapsedCallback	16	static
main.c:121:6:delay_us	16	static
main.c:131:5:main	168	static
main.c:225:6:SystemClock_Config	88	static
main.c:271:13:MX_ADC1_Init	24	static
main.c:316:13:MX_SPI2_Init	8	static
main.c:354:13:MX_TIM3_Init	32	static
main.c:399:13:MX_USART1_UART_Init	8	static
main.c:430:13:MX_DMA_Init	16	static
main.c:448:13:MX_GPIO_Init	40	static
main.c:497:10:_Error_Handler	16	static
main.c:516:6:Error_Handler	8	static
