stm32f1xx_it.c:58:6:SDTimer_Handler	4	static
stm32f1xx_it.c:80:6:NMI_Handler	4	static
stm32f1xx_it.c:95:6:HardFault_Handler	4	static
stm32f1xx_it.c:110:6:MemManage_Handler	4	static
stm32f1xx_it.c:125:6:BusFault_Handler	4	static
stm32f1xx_it.c:140:6:UsageFault_Handler	4	static
stm32f1xx_it.c:155:6:SVC_Handler	4	static
stm32f1xx_it.c:168:6:DebugMon_Handler	4	static
stm32f1xx_it.c:181:6:PendSV_Handler	4	static
stm32f1xx_it.c:194:6:SysTick_Handler	8	static
stm32f1xx_it.c:220:6:DMA1_Channel1_IRQHandler	8	static
stm32f1xx_it.c:234:6:TIM3_IRQHandler	8	static
stm32f1xx_it.c:248:6:EXTI15_10_IRQHandler	8	static
